../Core/Port/calculos.c:155:7:Sign	16	static
../Core/Port/calculos.c:167:6:AcumulaPotenciasNow	24	static
../Core/Port/calculos.c:216:6:ResgistrarIntervalo15minAgora	8	static
../Core/Port/calculos.c:346:6:Zera15min	4	static
../Core/Port/calculos.c:368:6:Zera15minAcc	4	static
../Core/Port/calculos.c:394:6:MomentoDeAvaliacaoDeIntervalo1min	24	static
../Core/Port/calculos.c:484:6:MomentoDeAvaliacaoDeIntervalo15min	32	static
../Core/Port/calculos.c:776:6:ZeraVariaveisDeHoje	4	static
../Core/Port/calculos.c:798:6:TrocaDeMes	16	static
../Core/Port/calculos.c:842:6:ZeraEsteMesAteAgora	16	static
../Core/Port/calculos.c:893:6:ZeraMesPassado	16	static
../Core/Port/calculos.c:939:6:ZeraTotaisHorarios	4	static
../Core/Port/calculos.c:962:6:RotinasDeCalibracao	32	static
../Core/Port/calculos.c:1665:6:ReorganizaLista	104	static
../Core/Port/calculos.c:1719:6:AcumulaGrandezaMM	4	static
../Core/Port/calculos.c:1747:6:CalculaGrandezaMM	16	static
../Core/Port/calculos.c:1778:6:ZeraGrandezaMMAcc	4	static
../Core/Port/calculos.c:1792:6:ZeraGrandezaMM	8	static
