../Core/Port/interface.c:39:6:TecladoInit	16	static
../Core/Port/interface.c:442:6:executaFuncao	24	static
../Core/Port/interface.c:1311:6:gerenciaTelas	32	static
../Core/Port/interface.c:1918:6:inicializaTela	16	static
../Core/Port/interface.c:2189:6:proximaTela	16	static
../Core/Port/interface.c:2198:6:inicializa_funcao_teclas	16	static
../Core/Port/interface.c:2235:6:setLED	32	static
../Core/Port/interface.c:2255:6:clrLED	32	static
../Core/Port/interface.c:2293:6:clrALL_LEDs	16	static
../Core/Port/interface.c:2307:6:setAll_LEDs	16	static
../Core/Port/interface.c:2321:6:TelaValoresTrifasicos	24	static
../Core/Port/interface.c:2331:6:WriteIntString	32	static
../Core/Port/interface.c:2339:6:WriteFloatString	40	static
../Core/Port/interface.c:2372:6:InttoBCD	24	static
../Core/Port/interface.c:2381:10:divround1	16	static
../Core/Port/interface.c:2399:16:BCDtoInt	16	static
../Core/Port/interface.c:2442:6:OperaRele	16	static
../Core/Port/interface.c:2518:7:AvaliaRele	56	static
../Core/Port/interface.c:2706:6:atualizaDevName	4	static
../Core/Port/interface.c:2870:7:newLeTeclado	16	static
../Core/Port/interface.c:2963:6:TelaTR1	200	static
../Core/Port/interface.c:3538:6:TelaAtualizando	48	static
../Core/Port/interface.c:3553:6:Sys_HexBcd	24	static
../Core/Port/interface.c:3623:6:If_PutInt	16	static
../Core/Port/interface.c:3631:6:PrtLcdBcdNumber2	16	static
../Core/Port/interface.c:3637:6:PrtLcdBcdNumber	16	static
