../Core/Port/modbus.c:64:6:gotoBootLoader	8	static
../Core/Port/modbus.c:77:7:CalcCRC	24	static
../Core/Port/modbus.c:92:7:Xor	24	static
../Core/Port/modbus.c:102:6:ComMODBUSInit	8	static
../Core/Port/modbus.c:123:6:ResponderPR4000	56	static
../Core/Port/modbus.c:295:6:ResponderMODBUS	80	static
../Core/Port/modbus.c:1207:6:AnalizaBufferPR4000	16	static
../Core/Port/modbus.c:1330:6:AnalizaBufferMODBUS_MASTER	16	static
../Core/Port/modbus.c:1412:6:AnalizaBufferMODBUS	16	static
../Core/Port/modbus.c:1527:6:ComparaCRC	24	static
../Core/Port/modbus.c:1544:6:AvaliaFuncaoRemota	48	static
../Core/Port/modbus.c:2353:5:swapU64	80	static
../Core/Port/modbus.c:2373:7:swapFloat	24	static
../Core/Port/modbus.c:2391:5:swapInt	24	static
../Core/Port/modbus.c:2433:5:isDataAvailable	40	static
../Core/Port/modbus.c:2560:5:GetDataFromMassMemory	32	static
../Core/Port/modbus.c:2622:6:SendToService	16	static
../Core/Port/modbus.c:2663:6:InitVariables	4	static
../Core/Port/modbus.c:2677:6:SearchTimeStampInMassMemory	16	static
