../Core/Port/principal.c:121:6:refresh_ip	8	static
../Core/Port/principal.c:166:6:VerificaNumeroDeSerie	16	static
../Core/Port/principal.c:209:6:WriteAddrToAD	16	static
../Core/Port/principal.c:230:7:ReadValueFromAD	16	static
../Core/Port/principal.c:301:6:GetTemperatureFromAD	16	static
../Core/Port/principal.c:401:5:main1	56	static
../Core/Port/principal.c:720:7:modbus_message_received	24	static
../Core/Port/principal.c:810:5:udp_callback	24	static
../Core/Port/principal.c:825:5:tcp_callback	24	static
../Core/Port/principal.c:889:6:send_data	24	static
../Core/Port/principal.c:974:13:timer_poll	8	static
