../Core/Src/calculosST.c:68:6:add1y	32	static
../Core/Src/calculosST.c:77:6:add1m	32	static
../Core/Src/calculosST.c:91:6:add1d	32	static
../Core/Src/calculosST.c:105:6:add1h	32	static
../Core/Src/calculosST.c:118:6:add15min	16	static
../Core/Src/calculosST.c:142:7:angle_norm	16	static
../Core/Src/calculosST.c:155:7:phase_unwrap	16	static
../Core/Src/calculosST.c:163:6:cosseno	80	static
../Core/Src/calculosST.c:184:6:CriandoSinalParaTestes	80	static
../Core/Src/calculosST.c:205:6:CriandoSinalParaTestes1	96	static
../Core/Src/calculosST.c:230:6:CriandoSinalParaTestes2	96	static
../Core/Src/calculosST.c:255:6:CriandoSinalBuffREF	24	static
../Core/Src/calculosST.c:261:7:Calculos_detecta_picos	56	static
../Core/Src/calculosST.c:311:7:signum	16	static
../Core/Src/calculosST.c:325:7:hanning	48	static
../Core/Src/calculosST.c:373:6:Calculos_Interpola	304	static
../Core/Src/calculosST.c:573:6:EspectroAcumulado_reinit	16	static
../Core/Src/calculosST.c:609:6:MyFFT_Init	8	static
../Core/Src/calculosST.c:642:6:AcumulaEspectroBackup	80	static
../Core/Src/calculosST.c:738:6:AcumulaEspectro	80	static
../Core/Src/calculosST.c:845:6:MyFFT_Execute1	4736	static
../Core/Src/calculosST.c:915:6:MyFFT_Execute	16	static
../Core/Src/calculosST.c:928:5:bestindex	56	static
../Core/Src/calculosST.c:988:7:sinalfp	24	static
../Core/Src/calculosST.c:1008:6:CalculaGrandezas1	216	static
../Core/Src/calculosST.c:1120:24:CalculaGrandezas	304	static
../Core/Src/calculosST.c:1717:6:CalculaPotencias	368	static
../Core/Src/calculosST.c:2767:6:CT50_leitura_dos_dados	16	static
../Core/Src/calculosST.c:2901:6:CT50_leitura_dos_dados_old	16	static
../Core/Src/calculosST.c:3068:6:newCalcDC	24	static
../Core/Src/calculosST.c:3240:6:newCalc	16	static
