../Core/Src/main.c:205:6:AcertaTimerParaFreqInterrupcao	16	static
../Core/Src/main.c:217:6:AcertaTimerParaFs	16	static
../Core/Src/main.c:229:6:AcertaTimerParaFs1	16	static
../Core/Src/main.c:241:6:enable_backup_sram	24	static
../Core/Src/main.c:261:6:writeBkpSram	24	static
../Core/Src/main.c:271:10:readBkpSram	24	static
../Core/Src/main.c:285:6:fullADC	40	static
../Core/Src/main.c:325:6:halfADC	40	static
../Core/Src/main.c:366:6:HAL_ADC_ConvHalfCpltCallback	16	static
../Core/Src/main.c:396:6:HAL_TIM_PeriodElapsedCallback	16	static
../Core/Src/main.c:412:6:HAL_ADC_ConvCpltCallback	16	static
../Core/Src/main.c:442:6:InitOled	8	static
../Core/Src/main.c:502:6:ADC_DMAError	16	static
../Core/Src/main.c:513:5:main	16	static
../Core/Src/main.c:719:6:SystemClock_Config	88	static
../Core/Src/main.c:772:13:MX_ADC1_Init	24	static
../Core/Src/main.c:862:13:MX_CRC_Init	8	static
../Core/Src/main.c:888:13:MX_DAC_Init	16	static
../Core/Src/main.c:934:13:MX_I2C2_Init	8	static
../Core/Src/main.c:980:13:MX_IWDG_Init	8	static
../Core/Src/main.c:1008:13:MX_RTC_Init	48	static
../Core/Src/main.c:1200:13:MX_SPI2_Init	8	static
../Core/Src/main.c:1238:13:MX_SPI4_Init	8	static
../Core/Src/main.c:1276:13:MX_TIM2_Init	32	static
../Core/Src/main.c:1321:13:MX_TIM3_Init	32	static
../Core/Src/main.c:1366:13:MX_TIM4_Init	32	static
../Core/Src/main.c:1411:13:MX_TIM5_Init	32	static
../Core/Src/main.c:1456:13:MX_TIM6_Init	16	static
../Core/Src/main.c:1494:13:MX_TIM12_Init	24	static
../Core/Src/main.c:1532:13:MX_USART2_UART_Init	8	static
../Core/Src/main.c:1563:13:MX_DMA_Init	16	static
../Core/Src/main.c:1588:13:MX_GPIO_Init	64	static
../Core/Src/main.c:1733:6:MX_GPIO_Init2	4	static
../Core/Src/main.c:1789:6:Error_Handler	4	static,ignoring_inline_asm
