../Core/Src/main.c:151:17:GetSector	24	static
../Core/Src/main.c:234:14:FLASH_escreve_32bits	32	static
../Core/Src/main.c:253:6:erase	24	static
../Core/Src/main.c:288:14:program	40	static
../Core/Src/main.c:305:6:enable_backup_sram	24	static
../Core/Src/main.c:324:6:writeBkpSram	24	static
../Core/Src/main.c:334:10:readBkpSram	24	static
../Core/Src/main.c:356:6:udp_echoserver_receive_callback1	56	static
../Core/Src/main.c:443:7:udp_send1	32	static
../Core/Src/main.c:483:6:udp_echoserver_init	16	static
../Core/Src/main.c:515:13:MX_GPIO_DeInit	8	static
../Core/Src/main.c:540:6:deinitEverything	8	static
../Core/Src/main.c:559:6:jumpToApp	24	static,ignoring_inline_asm
../Core/Src/main.c:572:6:HAL_TIM_PeriodElapsedCallback	16	static
../Core/Src/main.c:593:5:main	16	static
../Core/Src/main.c:707:6:SystemClock_Config	88	static
../Core/Src/main.c:752:13:MX_CRC_Init	8	static
../Core/Src/main.c:778:13:MX_TIM12_Init	24	static
../Core/Src/main.c:816:13:MX_GPIO_Init	56	static
../Core/Src/main.c:882:6:Error_Handler	4	static,ignoring_inline_asm
