Archive member included to satisfy reference by file (symbol)

c:/st/stm32cubeide_1.8.0/stm32cubeide/plugins/com.st.stm32cube.ide.mcu.externaltools.gnu-tools-for-stm32.9-2020-q2-update.win32_2.0.0.202105311346/tools/bin/../lib/gcc/arm-none-eabi/9.3.1/../../../../arm-none-eabi/lib/thumb/v7e-m+fp/hard\libc_nano.a(lib_a-atoi.o)
                              ./Middlewares/Third_Party/LwIP/src/core/netif.o (atoi)
c:/st/stm32cubeide_1.8.0/stm32cubeide/plugins/com.st.stm32cube.ide.mcu.externaltools.gnu-tools-for-stm32.9-2020-q2-update.win32_2.0.0.202105311346/tools/bin/../lib/gcc/arm-none-eabi/9.3.1/../../../../arm-none-eabi/lib/thumb/v7e-m+fp/hard\libc_nano.a(lib_a-ctype_.o)
                              ./Middlewares/Third_Party/LwIP/src/core/ipv4/ip4_addr.o (_ctype_)
c:/st/stm32cubeide_1.8.0/stm32cubeide/plugins/com.st.stm32cube.ide.mcu.externaltools.gnu-tools-for-stm32.9-2020-q2-update.win32_2.0.0.202105311346/tools/bin/../lib/gcc/arm-none-eabi/9.3.1/../../../../arm-none-eabi/lib/thumb/v7e-m+fp/hard\libc_nano.a(lib_a-exit.o)
                              c:/st/stm32cubeide_1.8.0/stm32cubeide/plugins/com.st.stm32cube.ide.mcu.externaltools.gnu-tools-for-stm32.9-2020-q2-update.win32_2.0.0.202105311346/tools/bin/../lib/gcc/arm-none-eabi/9.3.1/../../../../arm-none-eabi/lib/thumb/v7e-m+fp/hard/crt0.o (exit)
c:/st/stm32cubeide_1.8.0/stm32cubeide/plugins/com.st.stm32cube.ide.mcu.externaltools.gnu-tools-for-stm32.9-2020-q2-update.win32_2.0.0.202105311346/tools/bin/../lib/gcc/arm-none-eabi/9.3.1/../../../../arm-none-eabi/lib/thumb/v7e-m+fp/hard\libc_nano.a(lib_a-impure.o)
                              c:/st/stm32cubeide_1.8.0/stm32cubeide/plugins/com.st.stm32cube.ide.mcu.externaltools.gnu-tools-for-stm32.9-2020-q2-update.win32_2.0.0.202105311346/tools/bin/../lib/gcc/arm-none-eabi/9.3.1/../../../../arm-none-eabi/lib/thumb/v7e-m+fp/hard\libc_nano.a(lib_a-exit.o) (_global_impure_ptr)
c:/st/stm32cubeide_1.8.0/stm32cubeide/plugins/com.st.stm32cube.ide.mcu.externaltools.gnu-tools-for-stm32.9-2020-q2-update.win32_2.0.0.202105311346/tools/bin/../lib/gcc/arm-none-eabi/9.3.1/../../../../arm-none-eabi/lib/thumb/v7e-m+fp/hard\libc_nano.a(lib_a-init.o)
                              c:/st/stm32cubeide_1.8.0/stm32cubeide/plugins/com.st.stm32cube.ide.mcu.externaltools.gnu-tools-for-stm32.9-2020-q2-update.win32_2.0.0.202105311346/tools/bin/../lib/gcc/arm-none-eabi/9.3.1/../../../../arm-none-eabi/lib/thumb/v7e-m+fp/hard/crt0.o (__libc_init_array)
c:/st/stm32cubeide_1.8.0/stm32cubeide/plugins/com.st.stm32cube.ide.mcu.externaltools.gnu-tools-for-stm32.9-2020-q2-update.win32_2.0.0.202105311346/tools/bin/../lib/gcc/arm-none-eabi/9.3.1/../../../../arm-none-eabi/lib/thumb/v7e-m+fp/hard\libc_nano.a(lib_a-malloc.o)
                              ./Core/Port/principal.o (malloc)
c:/st/stm32cubeide_1.8.0/stm32cubeide/plugins/com.st.stm32cube.ide.mcu.externaltools.gnu-tools-for-stm32.9-2020-q2-update.win32_2.0.0.202105311346/tools/bin/../lib/gcc/arm-none-eabi/9.3.1/../../../../arm-none-eabi/lib/thumb/v7e-m+fp/hard\libc_nano.a(lib_a-memcmp.o)
                              ./Middlewares/Third_Party/LwIP/src/netif/bridgeif_fdb.o (memcmp)
c:/st/stm32cubeide_1.8.0/stm32cubeide/plugins/com.st.stm32cube.ide.mcu.externaltools.gnu-tools-for-stm32.9-2020-q2-update.win32_2.0.0.202105311346/tools/bin/../lib/gcc/arm-none-eabi/9.3.1/../../../../arm-none-eabi/lib/thumb/v7e-m+fp/hard\libc_nano.a(lib_a-memcpy-stub.o)
                              ./Core/Port/flash.o (memcpy)
c:/st/stm32cubeide_1.8.0/stm32cubeide/plugins/com.st.stm32cube.ide.mcu.externaltools.gnu-tools-for-stm32.9-2020-q2-update.win32_2.0.0.202105311346/tools/bin/../lib/gcc/arm-none-eabi/9.3.1/../../../../arm-none-eabi/lib/thumb/v7e-m+fp/hard\libc_nano.a(lib_a-memmove.o)
                              ./Middlewares/Third_Party/LwIP/src/core/def.o (memmove)
c:/st/stm32cubeide_1.8.0/stm32cubeide/plugins/com.st.stm32cube.ide.mcu.externaltools.gnu-tools-for-stm32.9-2020-q2-update.win32_2.0.0.202105311346/tools/bin/../lib/gcc/arm-none-eabi/9.3.1/../../../../arm-none-eabi/lib/thumb/v7e-m+fp/hard\libc_nano.a(lib_a-memset.o)
                              c:/st/stm32cubeide_1.8.0/stm32cubeide/plugins/com.st.stm32cube.ide.mcu.externaltools.gnu-tools-for-stm32.9-2020-q2-update.win32_2.0.0.202105311346/tools/bin/../lib/gcc/arm-none-eabi/9.3.1/../../../../arm-none-eabi/lib/thumb/v7e-m+fp/hard/crt0.o (memset)
c:/st/stm32cubeide_1.8.0/stm32cubeide/plugins/com.st.stm32cube.ide.mcu.externaltools.gnu-tools-for-stm32.9-2020-q2-update.win32_2.0.0.202105311346/tools/bin/../lib/gcc/arm-none-eabi/9.3.1/../../../../arm-none-eabi/lib/thumb/v7e-m+fp/hard\libc_nano.a(lib_a-nano-freer.o)
                              c:/st/stm32cubeide_1.8.0/stm32cubeide/plugins/com.st.stm32cube.ide.mcu.externaltools.gnu-tools-for-stm32.9-2020-q2-update.win32_2.0.0.202105311346/tools/bin/../lib/gcc/arm-none-eabi/9.3.1/../../../../arm-none-eabi/lib/thumb/v7e-m+fp/hard\libc_nano.a(lib_a-malloc.o) (_free_r)
[...]
Memory Configuration

Name             Origin             Length             Attributes
CCMRAM           0x0000000010000000 0x0000000000010000 xrw
RAM              0x0000000020000000 0x0000000000030000 xrw
FLASH_CALIBRACAO 0x0000000008000000 0x0000000000004000 xr
FLASH_PARAMETRIZACAO 0x0000000008004000 0x0000000000004000 xr
FLASH_DADOS1     0x0000000008008000 0x0000000000004000 xr
FLASH_DADOS2     0x000000000800c000 0x0000000000004000 xr
FLASH_BOOTLOADER 0x0000000008010000 0x0000000000010000 xr
FLASH            0x0000000008020000 0x0000000000080000 xr
FLASH_MM         0x00000000080a0000 0x0000000000060000 xr
*default*        0x0000000000000000 0xffffffffffffffff

Linker script and memory map

LOAD c:/st/stm32cubeide_1.8.0/stm32cubeide/plugins/com.st.stm32cube.ide.mcu.externaltools.gnu-tools-for-stm32.9-2020-q2-update.win32_2.0.0.202105311346/tools/bin/../lib/gcc/arm-none-eabi/9.3.1/thumb/v7e-m+fp/hard/crti.o
LOAD c:/st/stm32cubeide_1.8.0/stm32cubeide/plugins/com.st.stm32cube.ide.mcu.externaltools.gnu-tools-for-stm32.9-2020-q2-update.win32_2.0.0.202105311346/tools/bin/../lib/gcc/arm-none-eabi/9.3.1/thumb/v7e-m+fp/hard/crtbegin.o
LOAD c:/st/stm32cubeide_1.8.0/stm32cubeide/plugins/com.st.stm32cube.ide.mcu.externaltools.gnu-tools-for-stm32.9-2020-q2-update.win32_2.0.0.202105311346/tools/bin/../lib/gcc/arm-none-eabi/9.3.1/../../../../arm-none-eabi/lib/thumb/v7e-m+fp/hard/crt0.o
LOAD ./Core/Port/DisplayCM.o
LOAD ./Core/Port/NetConfig.o
LOAD ./Core/Port/Sistema.o
LOAD ./Core/Port/adc.o
LOAD ./Core/Port/battram.o
LOAD ./Core/Port/calculos.o
LOAD ./Core/Port/calculos1.o
LOAD ./Core/Port/calculosCM.o
LOAD ./Core/Port/display.o
LOAD ./Core/Port/extint.o
LOAD ./Core/Port/flash.o
LOAD ./Core/Port/global.o
LOAD ./Core/Port/interface.o
LOAD ./Core/Port/interfaceCM.o
LOAD ./Core/Port/linhabasica_port.o
LOAD ./Core/Port/modbus.o
LOAD ./Core/Port/principal.o
LOAD ./Core/Port/rtc.o
LOAD ./Core/Port/timer.o
LOAD ./Core/Port/uart.o
LOAD ./Core/Port/wdt.o
LOAD ./Core/Src/calculosST.o
LOAD ./Core/Src/flashST.o
LOAD ./Core/Src/fonts.o
LOAD ./Core/Src/main.o
LOAD ./Core/Src/ssd1306.o
LOAD ./Core/Src/stm32f4xx_hal_msp.o
LOAD ./Core/Src/stm32f4xx_it.o
LOAD ./Core/Src/syscalls.o
LOAD ./Core/Src/sysmem.o
LOAD ./Core/Src/system_stm32f4xx.o
LOAD ./Core/Src/tcpfunc.o
LOAD ./Core/Src/udpfunc.o
LOAD ./Core/Startup/startup_stm32f427aghx.o
LOAD ./Drivers/STM32F4xx_HAL_Driver/Src/stm32f4xx_hal.o
LOAD ./Drivers/STM32F4xx_HAL_Driver/Src/stm32f4xx_hal_adc.o
LOAD ./Drivers/STM32F4xx_HAL_Driver/Src/stm32f4xx_hal_adc_ex.o
LOAD ./Drivers/STM32F4xx_HAL_Driver/Src/stm32f4xx_hal_cortex.o
LOAD ./Drivers/STM32F4xx_HAL_Driver/Src/stm32f4xx_hal_crc.o
LOAD ./Drivers/STM32F4xx_HAL_Driver/Src/stm32f4xx_hal_dac.o
LOAD ./Drivers/STM32F4xx_HAL_Driver/Src/stm32f4xx_hal_dac_ex.o
LOAD ./Drivers/STM32F4xx_HAL_Driver/Src/stm32f4xx_hal_dma.o
LOAD ./Drivers/STM32F4xx_HAL_Driver/Src/stm32f4xx_hal_dma_ex.o
LOAD ./Drivers/STM32F4xx_HAL_Driver/Src/stm32f4xx_hal_eth.o
LOAD ./Drivers/STM32F4xx_HAL_Driver/Src/stm32f4xx_hal_exti.o
LOAD ./Drivers/STM32F4xx_HAL_Driver/Src/stm32f4xx_hal_flash.o
LOAD ./Drivers/STM32F4xx_HAL_Driver/Src/stm32f4xx_hal_flash_ex.o
LOAD ./Drivers/STM32F4xx_HAL_Driver/Src/stm32f4xx_hal_flash_ramfunc.o
LOAD ./Drivers/STM32F4xx_HAL_Driver/Src/stm32f4xx_hal_gpio.o
LOAD ./Drivers/STM32F4xx_HAL_Driver/Src/stm32f4xx_hal_i2c.o
LOAD ./Drivers/STM32F4xx_HAL_Driver/Src/stm32f4xx_hal_i2c_ex.o
LOAD ./Drivers/STM32F4xx_HAL_Driver/Src/stm32f4xx_hal_iwdg.o
LOAD ./Drivers/STM32F4xx_HAL_Driver/Src/stm32f4xx_hal_pwr.o
LOAD ./Drivers/STM32F4xx_HAL_Driver/Src/stm32f4xx_hal_pwr_ex.o
LOAD ./Drivers/STM32F4xx_HAL_Driver/Src/stm32f4xx_hal_rcc.o
LOAD ./Drivers/STM32F4xx_HAL_Driver/Src/stm32f4xx_hal_rcc_ex.o
LOAD ./Drivers/STM32F4xx_HAL_Driver/Src/stm32f4xx_hal_rtc.o
LOAD ./Drivers/STM32F4xx_HAL_Driver/Src/stm32f4xx_hal_rtc_ex.o
LOAD ./Drivers/STM32F4xx_HAL_Driver/Src/stm32f4xx_hal_spi.o
LOAD ./Drivers/STM32F4xx_HAL_Driver/Src/stm32f4xx_hal_tim.o
LOAD ./Drivers/STM32F4xx_HAL_Driver/Src/stm32f4xx_hal_tim_ex.o
LOAD ./Drivers/STM32F4xx_HAL_Driver/Src/stm32f4xx_hal_uart.o
LOAD ./Drivers/STM32F4xx_HAL_Driver/Src/stm32f4xx_ll_adc.o
LOAD ./LWIP/App/lwip.o
LOAD ./LWIP/Target/ethernetif.o
LOAD ./Middlewares/Third_Party/LwIP/src/api/api_lib.o
LOAD ./Middlewares/Third_Party/LwIP/src/api/api_msg.o
LOAD ./Middlewares/Third_Party/LwIP/src/api/err.o
LOAD ./Middlewares/Third_Party/LwIP/src/api/if_api.o
LOAD ./Middlewares/Third_Party/LwIP/src/api/netbuf.o
LOAD ./Middlewares/Third_Party/LwIP/src/api/netdb.o
LOAD ./Middlewares/Third_Party/LwIP/src/api/netifapi.o
LOAD ./Middlewares/Third_Party/LwIP/src/api/sockets.o
LOAD ./Middlewares/Third_Party/LwIP/src/api/tcpip.o
LOAD ./Middlewares/Third_Party/LwIP/src/apps/mqtt/mqtt.o
LOAD ./Middlewares/Third_Party/LwIP/src/core/altcp.o
LOAD ./Middlewares/Third_Party/LwIP/src/core/altcp_alloc.o
LOAD ./Middlewares/Third_Party/LwIP/src/core/altcp_tcp.o
LOAD ./Middlewares/Third_Party/LwIP/src/core/def.o
LOAD ./Middlewares/Third_Party/LwIP/src/core/dns.o
LOAD ./Middlewares/Third_Party/LwIP/src/core/inet_chksum.o
LOAD ./Middlewares/Third_Party/LwIP/src/core/init.o
LOAD ./Middlewares/Third_Party/LwIP/src/core/ip.o
LOAD ./Middlewares/Third_Party/LwIP/src/core/mem.o
LOAD ./Middlewares/Third_Party/LwIP/src/core/memp.o
LOAD ./Middlewares/Third_Party/LwIP/src/core/netif.o
LOAD ./Middlewares/Third_Party/LwIP/src/core/pbuf.o
LOAD ./Middlewares/Third_Party/LwIP/src/core/raw.o
LOAD ./Middlewares/Third_Party/LwIP/src/core/stats.o
LOAD ./Middlewares/Third_Party/LwIP/src/core/sys.o
LOAD ./Middlewares/Third_Party/LwIP/src/core/tcp.o
LOAD ./Middlewares/Third_Party/LwIP/src/core/tcp_in.o
LOAD ./Middlewares/Third_Party/LwIP/src/core/tcp_out.o
LOAD ./Middlewares/Third_Party/LwIP/src/core/timeouts.o
LOAD ./Middlewares/Third_Party/LwIP/src/core/udp.o
LOAD ./Middlewares/Third_Party/LwIP/src/core/ipv4/autoip.o
LOAD ./Middlewares/Third_Party/LwIP/src/core/ipv4/dhcp.o
LOAD ./Middlewares/Third_Party/LwIP/src/core/ipv4/etharp.o
LOAD ./Middlewares/Third_Party/LwIP/src/core/ipv4/icmp.o
LOAD ./Middlewares/Third_Party/LwIP/src/core/ipv4/igmp.o
LOAD ./Middlewares/Third_Party/LwIP/src/core/ipv4/ip4.o
LOAD ./Middlewares/Third_Party/LwIP/src/core/ipv4/ip4_addr.o
LOAD ./Middlewares/Third_Party/LwIP/src/core/ipv4/ip4_frag.o
LOAD ./Middlewares/Third_Party/LwIP/src/core/ipv6/dhcp6.o
LOAD ./Middlewares/Third_Party/LwIP/src/core/ipv6/ethip6.o
LOAD ./Middlewares/Third_Party/LwIP/src/core/ipv6/icmp6.o
LOAD ./Middlewares/Third_Party/LwIP/src/core/ipv6/inet6.o
LOAD ./Middlewares/Third_Party/LwIP/src/core/ipv6/ip6.o
LOAD ./Middlewares/Third_Party/LwIP/src/core/ipv6/ip6_addr.o
LOAD ./Middlewares/Third_Party/LwIP/src/core/ipv6/ip6_frag.o
LOAD ./Middlewares/Third_Party/LwIP/src/core/ipv6/mld6.o
LOAD ./Middlewares/Third_Party/LwIP/src/core/ipv6/nd6.o
LOAD ./Middlewares/Third_Party/LwIP/src/netif/bridgeif.o
LOAD ./Middlewares/Third_Party/LwIP/src/netif/bridgeif_fdb.o
LOAD ./Middlewares/Third_Party/LwIP/src/netif/ethernet.o
LOAD ./Middlewares/Third_Party/LwIP/src/netif/lowpan6.o
LOAD ./Middlewares/Third_Party/LwIP/src/netif/lowpan6_ble.o
LOAD ./Middlewares/Third_Party/LwIP/src/netif/lowpan6_common.o
LOAD ./Middlewares/Third_Party/LwIP/src/netif/slipif.o
LOAD ./Middlewares/Third_Party/LwIP/src/netif/zepif.o
LOAD ./Middlewares/Third_Party/LwIP/src/netif/ppp/auth.o
LOAD ./Middlewares/Third_Party/LwIP/src/netif/ppp/ccp.o
LOAD ./Middlewares/Third_Party/LwIP/src/netif/ppp/chap-md5.o
LOAD ./Middlewares/Third_Party/LwIP/src/netif/ppp/chap-new.o
LOAD ./Middlewares/Third_Party/LwIP/src/netif/ppp/chap_ms.o
LOAD ./Middlewares/Third_Party/LwIP/src/netif/ppp/demand.o
LOAD ./Middlewares/Third_Party/LwIP/src/netif/ppp/eap.o
LOAD ./Middlewares/Third_Party/LwIP/src/netif/ppp/ecp.o
LOAD ./Middlewares/Third_Party/LwIP/src/netif/ppp/eui64.o
LOAD ./Middlewares/Third_Party/LwIP/src/netif/ppp/fsm.o
LOAD ./Middlewares/Third_Party/LwIP/src/netif/ppp/ipcp.o
LOAD ./Middlewares/Third_Party/LwIP/src/netif/ppp/ipv6cp.o
LOAD ./Middlewares/Third_Party/LwIP/src/netif/ppp/lcp.o
LOAD ./Middlewares/Third_Party/LwIP/src/netif/ppp/magic.o
LOAD ./Middlewares/Third_Party/LwIP/src/netif/ppp/mppe.o
LOAD ./Middlewares/Third_Party/LwIP/src/netif/ppp/multilink.o
LOAD ./Middlewares/Third_Party/LwIP/src/netif/ppp/ppp.o
LOAD ./Middlewares/Third_Party/LwIP/src/netif/ppp/pppapi.o
LOAD ./Middlewares/Third_Party/LwIP/src/netif/ppp/pppcrypt.o
LOAD ./Middlewares/Third_Party/LwIP/src/netif/ppp/pppoe.o
LOAD ./Middlewares/Third_Party/LwIP/src/netif/ppp/pppol2tp.o
LOAD ./Middlewares/Third_Party/LwIP/src/netif/ppp/pppos.o
LOAD ./Middlewares/Third_Party/LwIP/src/netif/ppp/upap.o
LOAD ./Middlewares/Third_Party/LwIP/src/netif/ppp/utils.o
LOAD ./Middlewares/Third_Party/LwIP/src/netif/ppp/vj.o
START GROUP
LOAD c:/st/stm32cubeide_1.8.0/stm32cubeide/plugins/com.st.stm32cube.ide.mcu.externaltools.gnu-tools-for-stm32.9-2020-q2-update.win32_2.0.0.202105311346/tools/bin/../lib/gcc/arm-none-eabi/9.3.1/../../../../arm-none-eabi/lib/thumb/v7e-m+fp/hard\libc_nano.a
LOAD c:/st/stm32cubeide_1.8.0/stm32cubeide/plugins/com.st.stm32cube.ide.mcu.externaltools.gnu-tools-for-stm32.9-2020-q2-update.win32_2.0.0.202105311346/tools/bin/../lib/gcc/arm-none-eabi/9.3.1/../../../../arm-none-eabi/lib/thumb/v7e-m+fp/hard\libm.a
END GROUP
START GROUP
LOAD c:/st/stm32cubeide_1.8.0/stm32cubeide/plugins/com.st.stm32cube.ide.mcu.externaltools.gnu-tools-for-stm32.9-2020-q2-update.win32_2.0.0.202105311346/tools/bin/../lib/gcc/arm-none-eabi/9.3.1/thumb/v7e-m+fp/hard\libgcc.a
LOAD c:/st/stm32cubeide_1.8.0/stm32cubeide/plugins/com.st.stm32cube.ide.mcu.externaltools.gnu-tools-for-stm32.9-2020-q2-update.win32_2.0.0.202105311346/tools/bin/../lib/gcc/arm-none-eabi/9.3.1/../../../../arm-none-eabi/lib/thumb/v7e-m+fp/hard\libc_nano.a
END GROUP
START GROUP
LOAD c:/st/stm32cubeide_1.8.0/stm32cubeide/plugins/com.st.stm32cube.ide.mcu.externaltools.gnu-tools-for-stm32.9-2020-q2-update.win32_2.0.0.202105311346/tools/bin/../lib/gcc/arm-none-eabi/9.3.1/thumb/v7e-m+fp/hard\libgcc.a
LOAD c:/st/stm32cubeide_1.8.0/stm32cubeide/plugins/com.st.stm32cube.ide.mcu.externaltools.gnu-tools-for-stm32.9-2020-q2-update.win32_2.0.0.202105311346/tools/bin/../lib/gcc/arm-none-eabi/9.3.1/../../../../arm-none-eabi/lib/thumb/v7e-m+fp/hard\libc_nano.a
LOAD c:/st/stm32cubeide_1.8.0/stm32cubeide/plugins/com.st.stm32cube.ide.mcu.externaltools.gnu-tools-for-stm32.9-2020-q2-update.win32_2.0.0.202105311346/tools/bin/../lib/gcc/arm-none-eabi/9.3.1/../../../../arm-none-eabi/lib/thumb/v7e-m+fp/hard\libnosys.a
END GROUP
START GROUP
LOAD c:/st/stm32cubeide_1.8.0/stm32cubeide/plugins/com.st.stm32cube.ide.mcu.externaltools.gnu-tools-for-stm32.9-2020-q2-update.win32_2.0.0.202105311346/tools/bin/../lib/gcc/arm-none-eabi/9.3.1/thumb/v7e-m+fp/hard\libgcc.a
LOAD c:/st/stm32cubeide_1.8.0/stm32cubeide/plugins/com.st.stm32cube.ide.mcu.externaltools.gnu-tools-for-stm32.9-2020-q2-update.win32_2.0.0.202105311346/tools/bin/../lib/gcc/arm-none-eabi/9.3.1/../../../../arm-none-eabi/lib/thumb/v7e-m+fp/hard\libc_nano.a
LOAD c:/st/stm32cubeide_1.8.0/stm32cubeide/plugins/com.st.stm32cube.ide.mcu.externaltools.gnu-tools-for-stm32.9-2020-q2-update.win32_2.0.0.202105311346/tools/bin/../lib/gcc/arm-none-eabi/9.3.1/../../../../arm-none-eabi/lib/thumb/v7e-m+fp/hard\libnosys.a
END GROUP
LOAD c:/st/stm32cubeide_1.8.0/stm32cubeide/plugins/com.st.stm32cube.ide.mcu.externaltools.gnu-tools-for-stm32.9-2020-q2-update.win32_2.0.0.202105311346/tools/bin/../lib/gcc/arm-none-eabi/9.3.1/thumb/v7e-m+fp/hard/crtend.o
LOAD c:/st/stm32cubeide_1.8.0/stm32cubeide/plugins/com.st.stm32cube.ide.mcu.externaltools.gnu-tools-for-stm32.9-2020-q2-update.win32_2.0.0.202105311346/tools/bin/../lib/gcc/arm-none-eabi/9.3.1/thumb/v7e-m+fp/hard/crtn.o
                0x0000000020030000                _estack = (ORIGIN (RAM) + LENGTH (RAM))
                0x0000000000000400                _Min_Heap_Size = 0x400
                0x0000000000000600                _Min_Stack_Size = 0x600

.isr_vector     0x0000000008020000      0x1ac
                0x0000000008020000                . = ALIGN (0x4)
 *(.isr_vector)
 .isr_vector    0x0000000008020000      0x1ac ./Core/Startup/startup_stm32f427aghx.o
                0x0000000008020000                g_pfnVectors
                0x00000000080201ac                . = ALIGN (0x4)

.flash_dados1   0x0000000008008000        0x0
                0x0000000008008000                . = ALIGN (0x4)
 *(.flash_dados1)
                0x0000000008008000                . = ALIGN (0x4)

.flash_dados2   0x000000000800c000        0x0
                0x000000000800c000                . = ALIGN (0x4)
 *(.flash_dados2)
                0x000000000800c000                . = ALIGN (0x4)

.flash_mm       0x00000000080a0000        0x0
                0x00000000080a0000                . = ALIGN (0x4)
 *(.flash_mm)
                0x00000000080a0000                . = ALIGN (0x4)

.flash_calibracao
                0x0000000008000000        0x0
                0x0000000008000000                . = ALIGN (0x4)
 *(.flash_calibracao)
                0x0000000008000000                . = ALIGN (0x4)

.flash_parametrizacao
                0x0000000008004000        0x0
                0x0000000008004000                . = ALIGN (0x4)
 *(.flash_parametrizacao)
                0x0000000008004000                . = ALIGN (0x4)

.flash_bootloader
                0x0000000008010000        0x0
                0x0000000008010000                . = ALIGN (0x4)
 *(.flash_bootloader)
                0x0000000008010000                . = ALIGN (0x4)

.text           0x00000000080201b0    0x1b14c
                0x00000000080201b0                . = ALIGN (0x4)
 *(.text)
 .text          0x00000000080201b0       0x40 c:/st/stm32cubeide_1.8.0/stm32cubeide/plugins/com.st.stm32cube.ide.mcu.externaltools.gnu-tools-for-stm32.9-2020-q2-update.win32_2.0.0.202105311346/tools/bin/../lib/gcc/arm-none-eabi/9.3.1/thumb/v7e-m+fp/hard/crtbegin.o
 .text          0x00000000080201f0       0x14 c:/st/stm32cubeide_1.8.0/stm32cubeide/plugins/com.st.stm32cube.ide.mcu.externaltools.gnu-tools-for-stm32.9-2020-q2-update.win32_2.0.0.202105311346/tools/bin/../lib/gcc/arm-none-eabi/9.3.1/../../../../arm-none-eabi/lib/thumb/v7e-m+fp/hard\libc_nano.a(lib_a-strcmp.o)
                0x00000000080201f0                strcmp
 .text          0x0000000008020204       0x10 c:/st/stm32cubeide_1.8.0/stm32cubeide/plugins/com.st.stm32cube.ide.mcu.externaltools.gnu-tools-for-stm32.9-2020-q2-update.win32_2.0.0.202105311346/tools/bin/../lib/gcc/arm-none-eabi/9.3.1/../../../../arm-none-eabi/lib/thumb/v7e-m+fp/hard\libc_nano.a(lib_a-strlen.o)
                0x0000000008020204                strlen
 *fill*         0x0000000008020214        0xc 
 .text          0x0000000008020220       0xa0 c:/st/stm32cubeide_1.8.0/stm32cubeide/plugins/com.st.stm32cube.ide.mcu.externaltools.gnu-tools-for-stm32.9-2020-q2-update.win32_2.0.0.202105311346/tools/bin/../lib/gcc/arm-none-eabi/9.3.1/../../../../arm-none-eabi/lib/thumb/v7e-m+fp/hard\libc_nano.a(lib_a-memchr.o)
                0x0000000008020220                memchr
 .text          0x00000000080202c0      0x378 c:/st/stm32cubeide_1.8.0/stm32cubeide/plugins/com.st.stm32cube.ide.mcu.externaltools.gnu-tools-for-stm32.9-2020-q2-update.win32_2.0.0.202105311346/tools/bin/../lib/gcc/arm-none-eabi/9.3.1/thumb/v7e-m+fp/hard\libgcc.a(_arm_addsubdf3.o)
                0x00000000080202c0                __aeabi_drsub
                0x00000000080202c8                __aeabi_dsub
                0x00000000080202c8                __subdf3
                0x00000000080202cc                __aeabi_dadd
                0x00000000080202cc                __adddf3
                0x0000000008020544                __floatunsidf
                0x0000000008020544                __aeabi_ui2d
                0x0000000008020564                __floatsidf
                0x0000000008020564                __aeabi_i2d
                0x0000000008020588                __aeabi_f2d
                0x0000000008020588                __extendsfdf2
                0x00000000080205cc                __floatundidf
                0x00000000080205cc                __aeabi_ul2d
                0x00000000080205dc                __floatdidf
                0x00000000080205dc                __aeabi_l2d
 .text          0x0000000008020638      0x424 c:/st/stm32cubeide_1.8.0/stm32cubeide/plugins/com.st.stm32cube.ide.mcu.externaltools.gnu-tools-for-stm32.9-2020-q2-update.win32_2.0.0.202105311346/tools/bin/../lib/gcc/arm-none-eabi/9.3.1/thumb/v7e-m+fp/hard\libgcc.a(_arm_muldivdf3.o)
                0x0000000008020638                __aeabi_dmul
                0x0000000008020638                __muldf3
                0x000000000802088c                __divdf3
                0x000000000802088c                __aeabi_ddiv
 .text          0x0000000008020a5c      0x110 c:/st/stm32cubeide_1.8.0/stm32cubeide/plugins/com.st.stm32cube.ide.mcu.externaltools.gnu-tools-for-stm32.9-2020-q2-update.win32_2.0.0.202105311346/tools/bin/../lib/gcc/arm-none-eabi/9.3.1/thumb/v7e-m+fp/hard\libgcc.a(_arm_cmpdf2.o)
                0x0000000008020a5c                __gtdf2
                0x0000000008020a5c                __gedf2
                0x0000000008020a64                __ltdf2
                0x0000000008020a64                __ledf2
                0x0000000008020a6c                __nedf2
                0x0000000008020a6c                __eqdf2
                0x0000000008020a6c                __cmpdf2
                0x0000000008020ae8                __aeabi_cdrcmple
                0x0000000008020af8                __aeabi_cdcmpeq
                0x0000000008020af8                __aeabi_cdcmple
                0x0000000008020b08                __aeabi_dcmpeq
                0x0000000008020b1c                __aeabi_dcmplt
                0x0000000008020b30                __aeabi_dcmple
                0x0000000008020b44                __aeabi_dcmpge
                0x0000000008020b58                __aeabi_dcmpgt
 .text          0x0000000008020b6c       0x2c c:/st/stm32cubeide_1.8.0/stm32cubeide/plugins/com.st.stm32cube.ide.mcu.externaltools.gnu-tools-for-stm32.9-2020-q2-update.win32_2.0.0.202105311346/tools/bin/../lib/gcc/arm-none-eabi/9.3.1/thumb/v7e-m+fp/hard\libgcc.a(_arm_unorddf2.o)
                0x0000000008020b6c                __unorddf2
                0x0000000008020b6c                __aeabi_dcmpun
 .text          0x0000000008020b98       0x50 c:/st/stm32cubeide_1.8.0/stm32cubeide/plugins/com.st.stm32cube.ide.mcu.externaltools.gnu-tools-for-stm32.9-2020-q2-update.win32_2.0.0.202105311346/tools/bin/../lib/gcc/arm-none-eabi/9.3.1/thumb/v7e-m+fp/hard\libgcc.a(_arm_fixdfsi.o)
                0x0000000008020b98                __aeabi_d2iz
                0x0000000008020b98                __fixdfsi
 .text          0x0000000008020be8       0x40 c:/st/stm32cubeide_1.8.0/stm32cubeide/plugins/com.st.stm32cube.ide.mcu.externaltools.gnu-tools-for-stm32.9-2020-q2-update.win32_2.0.0.202105311346/tools/bin/../lib/gcc/arm-none-eabi/9.3.1/thumb/v7e-m+fp/hard\libgcc.a(_arm_fixunsdfsi.o)
                0x0000000008020be8                __aeabi_d2uiz
                0x0000000008020be8                __fixunsdfsi
 .text          0x0000000008020c28       0xa0 c:/st/stm32cubeide_1.8.0/stm32cubeide/plugins/com.st.stm32cube.ide.mcu.externaltools.gnu-tools-for-stm32.9-2020-q2-update.win32_2.0.0.202105311346/tools/bin/../lib/gcc/arm-none-eabi/9.3.1/thumb/v7e-m+fp/hard\libgcc.a(_arm_truncdfsf2.o)
                0x0000000008020c28                __truncdfsf2
                0x0000000008020c28                __aeabi_d2f
 .text          0x0000000008020cc8      0x21c c:/st/stm32cubeide_1.8.0/stm32cubeide/plugins/com.st.stm32cube.ide.mcu.externaltools.gnu-tools-for-stm32.9-2020-q2-update.win32_2.0.0.202105311346/tools/bin/../lib/gcc/arm-none-eabi/9.3.1/thumb/v7e-m+fp/hard\libgcc.a(_arm_addsubsf3.o)
                0x0000000008020cc8                __aeabi_frsub
                0x0000000008020cd0                __subsf3
                0x0000000008020cd0                __aeabi_fsub
                0x0000000008020cd4                __aeabi_fadd
                0x0000000008020cd4                __addsf3
                0x0000000008020e34                __aeabi_ui2f
                0x0000000008020e34                __floatunsisf
                0x0000000008020e3c                __aeabi_i2f
                0x0000000008020e3c                __floatsisf
                0x0000000008020e58                __aeabi_ul2f
                0x0000000008020e58                __floatundisf
                0x0000000008020e68                __aeabi_l2f
                0x0000000008020e68                __floatdisf
 .text          0x0000000008020ee4       0x30 c:/st/stm32cubeide_1.8.0/stm32cubeide/plugins/com.st.stm32cube.ide.mcu.externaltools.gnu-tools-for-stm32.9-2020-q2-update.win32_2.0.0.202105311346/tools/bin/../lib/gcc/arm-none-eabi/9.3.1/thumb/v7e-m+fp/hard\libgcc.a(_aeabi_uldivmod.o)
                0x0000000008020ee4                __aeabi_uldivmod
 .text          0x0000000008020f14       0x40 c:/st/stm32cubeide_1.8.0/stm32cubeide/plugins/com.st.stm32cube.ide.mcu.externaltools.gnu-tools-for-stm32.9-2020-q2-update.win32_2.0.0.202105311346/tools/bin/../lib/gcc/arm-none-eabi/9.3.1/thumb/v7e-m+fp/hard\libgcc.a(_fixunssfdi.o)
                0x0000000008020f14                __fixunssfdi
                0x0000000008020f14                __aeabi_f2ulz
 .text          0x0000000008020f54      0x2c4 c:/st/stm32cubeide_1.8.0/stm32cubeide/plugins/com.st.stm32cube.ide.mcu.externaltools.gnu-tools-for-stm32.9-2020-q2-update.win32_2.0.0.202105311346/tools/bin/../lib/gcc/arm-none-eabi/9.3.1/thumb/v7e-m+fp/hard\libgcc.a(_udivmoddi4.o)
                0x0000000008020f54                __udivmoddi4
 .text          0x0000000008021218        0x4 c:/st/stm32cubeide_1.8.0/stm32cubeide/plugins/com.st.stm32cube.ide.mcu.externaltools.gnu-tools-for-stm32.9-2020-q2-update.win32_2.0.0.202105311346/tools/bin/../lib/gcc/arm-none-eabi/9.3.1/thumb/v7e-m+fp/hard\libgcc.a(_dvmd_tls.o)
                0x0000000008021218                __aeabi_idiv0
                0x0000000008021218                __aeabi_ldiv0
 *(.text*)
 .text.PrtLcd2  0x000000000802121c       0x74 ./Core/Port/DisplayCM.o
                0x000000000802121c                PrtLcd2
 .text.ADCInit  0x0000000008021290        0x4 ./Core/Port/adc.o
                0x0000000008021290                ADCInit
 .text.ClearBatteryRam
                0x0000000008021294       0x10 ./Core/Port/battram.o
                0x0000000008021294                ClearBatteryRam
 .text.EraseMMSector
                0x00000000080212a4       0x24 ./Core/Port/battram.o
                0x00000000080212a4                EraseMMSector
 .text.AtualizaLRCBloco2K
                0x00000000080212c8       0x24 ./Core/Port/battram.o
                0x00000000080212c8                AtualizaLRCBloco2K
 .text.InitBatteryRam
                0x00000000080212ec       0x64 ./Core/Port/battram.o
                0x00000000080212ec                InitBatteryRam
 .text.GravaNaBatteryRAM1
                0x0000000008021350       0x78 ./Core/Port/battram.o
                0x0000000008021350                GravaNaBatteryRAM1
 .text.MoveBatteryRamToFlash
                0x00000000080213c8      0x12c ./Core/Port/battram.o
                0x00000000080213c8                MoveBatteryRamToFlash
 .text.GravaNaBatteryRAM
                0x00000000080214f4      0x388 ./Core/Port/battram.o
                0x00000000080214f4                GravaNaBatteryRAM
 .text.Sign     0x000000000802187c       0x14 ./Core/Port/calculos.o
                0x000000000802187c                Sign
 .text.Zera15min
                0x0000000008021890       0x6c ./Core/Port/calculos.o
                0x0000000008021890                Zera15min
 .text.Zera15minAcc
                0x00000000080218fc       0x5c ./Core/Port/calculos.o
                0x00000000080218fc                Zera15minAcc
 .text.ZeraVariaveisDeHoje
                0x0000000008021958       0x78 ./Core/Port/calculos.o
                0x0000000008021958                ZeraVariaveisDeHoje
 .text.TrocaDeMes
                0x00000000080219d0      0x1a4 ./Core/Port/calculos.o
                0x00000000080219d0                TrocaDeMes
 .text.ZeraEsteMesAteAgora
                0x0000000008021b74       0xec ./Core/Port/calculos.o
                0x0000000008021b74                ZeraEsteMesAteAgora
 .text.ZeraMesPassado
                0x0000000008021c60       0xe0 ./Core/Port/calculos.o
                0x0000000008021c60                ZeraMesPassado
 .text.ZeraTotaisHorarios
                0x0000000008021d40       0x54 ./Core/Port/calculos.o
                0x0000000008021d40                ZeraTotaisHorarios
 .text.ReorganizaLista
                0x0000000008021d94       0xd0 ./Core/Port/calculos.o
                0x0000000008021d94                ReorganizaLista
 .text.ResgistrarIntervalo15minAgora
                0x0000000008021e64      0x410 ./Core/Port/calculos.o
                0x0000000008021e64                ResgistrarIntervalo15minAgora
 .text.AcumulaGrandezaMM
                0x0000000008022274      0x10c ./Core/Port/calculos.o
                0x0000000008022274                AcumulaGrandezaMM
 .text.ZeraGrandezaMMAcc
                0x0000000008022380       0x54 ./Core/Port/calculos.o
                0x0000000008022380                ZeraGrandezaMMAcc
 .text.CalculaGrandezaMM
                0x00000000080223d4      0x150 ./Core/Port/calculos.o
                0x00000000080223d4                CalculaGrandezaMM
 .text.MomentoDeAvaliacaoDeIntervalo1min
                0x0000000008022524       0x7c ./Core/Port/calculos.o
                0x0000000008022524                MomentoDeAvaliacaoDeIntervalo1min
 .text.MomentoDeAvaliacaoDeIntervalo15min
                0x00000000080225a0      0x150 ./Core/Port/calculos.o
                0x00000000080225a0                MomentoDeAvaliacaoDeIntervalo15min
 .text.ZeraGrandezaMM
                0x00000000080226f0       0x40 ./Core/Port/calculos.o
                0x00000000080226f0                ZeraGrandezaMM
 .text.RotinasDeCalibracao
                0x0000000008022730      0xbf8 ./Core/Port/calculos.o
                0x0000000008022730                RotinasDeCalibracao
 .text.DisplayInit
                0x0000000008023328       0x38 ./Core/Port/display.o
                0x0000000008023328                DisplayInit
 .text.EINT2_Handler
                0x0000000008023360       0x1c ./Core/Port/extint.o
                0x0000000008023360                EINT2_Handler
 .text.EINTInit
                0x000000000802337c        0x4 ./Core/Port/extint.o
                0x000000000802337c                EINTInit
 .text.MoveRamToBuffer
                0x0000000008023380        0xa ./Core/Port/flash.o
                0x0000000008023380                MoveRamToBuffer
 .text.MoveBytesBufferToBuffer
                0x000000000802338a        0xa ./Core/Port/flash.o
                0x000000000802338a                MoveBytesBufferToBuffer
 .text.MoveFlashToBuffer
                0x0000000008023394        0xa ./Core/Port/flash.o
                0x0000000008023394                MoveFlashToBuffer
 *fill*         0x000000000802339e        0x2 
 .text.IniciaParametrosCalibracaoDefault
                0x00000000080233a0      0x22c ./Core/Port/flash.o
                0x00000000080233a0                IniciaParametrosCalibracaoDefault
 .text.AtualizaPolinomios
                0x00000000080235cc      0x1e4 ./Core/Port/flash.o
                0x00000000080235cc                AtualizaPolinomios
 .text.RestauraCalibracao
                0x00000000080237b0      0x17c ./Core/Port/flash.o
                0x00000000080237b0                RestauraCalibracao
 .text.load_MAC
                0x000000000802392c       0x68 ./Core/Port/flash.o
                0x000000000802392c                load_MAC
 .text.RestauraParametrizacaoDefault
                0x0000000008023994      0x2d4 ./Core/Port/flash.o
                0x0000000008023994                RestauraParametrizacaoDefault
 .text.TestaMomento1
                0x0000000008023c68       0xb6 ./Core/Port/flash.o
                0x0000000008023c68                TestaMomento1
 .text.TestaMomento
                0x0000000008023d1e       0xa4 ./Core/Port/flash.o
                0x0000000008023d1e                TestaMomento
 *fill*         0x0000000008023dc2        0x2 
 .text.PowerUp  0x0000000008023dc4      0x71c ./Core/Port/flash.o
                0x0000000008023dc4                PowerUp
 .text.PowerDown
                0x00000000080244e0      0x214 ./Core/Port/flash.o
                0x00000000080244e0                PowerDown
 .text.AtualizaParametrizacao
                0x00000000080246f4      0x164 ./Core/Port/flash.o
                0x00000000080246f4                AtualizaParametrizacao
 .text.RestauraParametrizacao
                0x0000000008024858      0x150 ./Core/Port/flash.o
                0x0000000008024858                RestauraParametrizacao
 .text.SalvaParametrizacao
                0x00000000080249a8       0xfc ./Core/Port/flash.o
                0x00000000080249a8                SalvaParametrizacao
 .text.inicializa_funcao_teclas
                0x0000000008024aa4       0x30 ./Core/Port/interface.o
                0x0000000008024aa4                inicializa_funcao_teclas
 .text.TecladoInit
                0x0000000008024ad4      0x694 ./Core/Port/interface.o
                0x0000000008024ad4                TecladoInit
 .text.setLED   0x0000000008025168       0x3c ./Core/Port/interface.o
                0x0000000008025168                setLED
 .text.clrLED   0x00000000080251a4       0x3c ./Core/Port/interface.o
                0x00000000080251a4                clrLED
 .text.OperaRele
                0x00000000080251e0       0x54 ./Core/Port/interface.o
                0x00000000080251e0                OperaRele
 .text.AvaliaRele
                0x0000000008025234      0x18c ./Core/Port/interface.o
                0x0000000008025234                AvaliaRele
 .text.atualizaDevName
                0x00000000080253c0       0x64 ./Core/Port/interface.o
                0x00000000080253c0                atualizaDevName
 .text.newLeTeclado
                0x0000000008025424       0x78 ./Core/Port/interface.o
                0x0000000008025424                newLeTeclado
 *fill*         0x000000000802549c        0x4 
 .text.TelaTR1  0x00000000080254a0      0x9d4 ./Core/Port/interface.o
                0x00000000080254a0                TelaTR1
 .text.TelaUpdate
                0x0000000008025e74       0x5c ./Core/Port/interface.o
                0x0000000008025e74                TelaUpdate
 .text.TargetInit
                0x0000000008025ed0        0x2 ./Core/Port/linhabasica_port.o
                0x0000000008025ed0                TargetInit
 .text.GPIOResetInit
                0x0000000008025ed2        0x2 ./Core/Port/linhabasica_port.o
                0x0000000008025ed2                GPIOResetInit
 .text.ConfigurePLL_72Mhz
                0x0000000008025ed4        0x2 ./Core/Port/linhabasica_port.o
                0x0000000008025ed4                ConfigurePLL_72Mhz
 .text.ConfigurePLL_18Mhz
                0x0000000008025ed6        0x2 ./Core/Port/linhabasica_port.o
                0x0000000008025ed6                ConfigurePLL_18Mhz
 .text.ConfigurePLL_48Mhz
                0x0000000008025ed8        0x2 ./Core/Port/linhabasica_port.o
                0x0000000008025ed8                ConfigurePLL_48Mhz
 *fill*         0x0000000008025eda        0x2 
 .text.SETpinoEmPorta
                0x0000000008025edc       0x60 ./Core/Port/linhabasica_port.o
                0x0000000008025edc                SETpinoEmPorta
 .text.CLRpinoEmPorta
                0x0000000008025f3c       0x60 ./Core/Port/linhabasica_port.o
                0x0000000008025f3c                CLRpinoEmPorta
 .text.DisableAllInterrupts
                0x0000000008025f9c        0x2 ./Core/Port/linhabasica_port.o
                0x0000000008025f9c                DisableAllInterrupts
 .text.DisablePoweDownInterrupt
                0x0000000008025f9e        0x2 ./Core/Port/linhabasica_port.o
                0x0000000008025f9e                DisablePoweDownInterrupt
 .text.EnablePoweDownInterrupt
                0x0000000008025fa0        0x2 ./Core/Port/linhabasica_port.o
                0x0000000008025fa0                EnablePoweDownInterrupt
 .text.gotoBootLoader
                0x0000000008025fa2        0xe ./Core/Port/modbus.o
                0x0000000008025fa2                gotoBootLoader
 .text.CalcCRC  0x0000000008025fb0       0x3c ./Core/Port/modbus.o
                0x0000000008025fb0                CalcCRC
 .text.ComMODBUSInit
                0x0000000008025fec       0x64 ./Core/Port/modbus.o
                0x0000000008025fec                ComMODBUSInit
 .text.ComparaCRC
                0x0000000008026050       0x30 ./Core/Port/modbus.o
                0x0000000008026050                ComparaCRC
 .text.AnalizaBufferPR4000
                0x0000000008026080      0x178 ./Core/Port/modbus.o
                0x0000000008026080                AnalizaBufferPR4000
 .text.AnalizaBufferMODBUS
                0x00000000080261f8      0x18c ./Core/Port/modbus.o
                0x00000000080261f8                AnalizaBufferMODBUS
 *fill*         0x0000000008026384        0x4 
 .text.AvaliaFuncaoRemota
                0x0000000008026388      0xa34 ./Core/Port/modbus.o
                0x0000000008026388                AvaliaFuncaoRemota
 .text.swapU64  0x0000000008026dbc        0xc ./Core/Port/modbus.o
                0x0000000008026dbc                swapU64
 .text.isDataAvailable
                0x0000000008026dc8      0x16c ./Core/Port/modbus.o
                0x0000000008026dc8                isDataAvailable
 .text.GetDataFromMassMemory
                0x0000000008026f34       0xdc ./Core/Port/modbus.o
                0x0000000008026f34                GetDataFromMassMemory
 .text.SendToService
                0x0000000008027010       0xc0 ./Core/Port/modbus.o
                0x0000000008027010                SendToService
 .text.InitVariables
                0x00000000080270d0       0x54 ./Core/Port/modbus.o
                0x00000000080270d0                InitVariables
 .text.SearchTimeStampInMassMemory
                0x0000000008027124       0x9c ./Core/Port/modbus.o
                0x0000000008027124                SearchTimeStampInMassMemory
 .text.ResponderMODBUS
                0x00000000080271c0      0xd9c ./Core/Port/modbus.o
                0x00000000080271c0                ResponderMODBUS
 .text.modbus_message_received
                0x0000000008027f5c      0x174 ./Core/Port/principal.o
 .text.refresh_ip
                0x00000000080280d0       0x6c ./Core/Port/principal.o
                0x00000000080280d0                refresh_ip
 .text.VerificaNumeroDeSerie
                0x000000000802813c       0xe4 ./Core/Port/principal.o
                0x000000000802813c                VerificaNumeroDeSerie
 .text.main1    0x0000000008028220      0x2e4 ./Core/Port/principal.o
                0x0000000008028220                main1
 .text.udp_callback
                0x0000000008028504       0x38 ./Core/Port/principal.o
                0x0000000008028504                udp_callback
 .text.tcp_callback
                0x000000000802853c       0x54 ./Core/Port/principal.o
                0x000000000802853c                tcp_callback
 .text.send_data
                0x0000000008028590       0x84 ./Core/Port/principal.o
                0x0000000008028590                send_data
 .text.RTCInit  0x0000000008028614        0x2 ./Core/Port/rtc.o
                0x0000000008028614                RTCInit
 .text.RTCStart
                0x0000000008028616        0x2 ./Core/Port/rtc.o
                0x0000000008028616                RTCStart
 .text.RTCSetTime
                0x0000000008028618       0x70 ./Core/Port/rtc.o
                0x0000000008028618                RTCSetTime
 .text.RTCGetTime
                0x0000000008028688       0x58 ./Core/Port/rtc.o
                0x0000000008028688                RTCGetTime
 .text.TesteBateria
                0x00000000080286e0       0x48 ./Core/Port/rtc.o
                0x00000000080286e0                TesteBateria
 .text.DateToTimestamp
                0x0000000008028728       0x78 ./Core/Port/rtc.o
                0x0000000008028728                DateToTimestamp
 .text.Releportempo2
                0x00000000080287a0       0xb0 ./Core/Port/rtc.o
                0x00000000080287a0                Releportempo2
 .text.BuscaNovoMinimo
                0x0000000008028850       0x58 ./Core/Port/rtc.o
                0x0000000008028850                BuscaNovoMinimo
 .text.GETtipoDeHorario
                0x00000000080288a8      0x274 ./Core/Port/rtc.o
                0x00000000080288a8                GETtipoDeHorario
 .text.RTCtoDataHora
                0x0000000008028b1c       0x1c ./Core/Port/rtc.o
                0x0000000008028b1c                RTCtoDataHora
 .text.RTCtoMesDiaHoraMin
                0x0000000008028b38       0x2e ./Core/Port/rtc.o
                0x0000000008028b38                RTCtoMesDiaHoraMin
 .text.enable_timer
                0x0000000008028b66        0x2 ./Core/Port/timer.o
                0x0000000008028b66                enable_timer
 .text.init_timer
                0x0000000008028b68        0x2 ./Core/Port/timer.o
                0x0000000008028b68                init_timer
 *fill*         0x0000000008028b6a        0x2 
 .text.T0isr    0x0000000008028b6c       0x3c ./Core/Port/timer.o
                0x0000000008028b6c                T0isr
 .text.timer_admite_nested_interrupt_srv
                0x0000000008028ba8      0x138 ./Core/Port/timer.o
                0x0000000008028ba8                timer_admite_nested_interrupt_srv
 .text.UARTSend
                0x0000000008028ce0       0x20 ./Core/Port/uart.o
                0x0000000008028ce0                UARTSend
 .text.WDTInit  0x0000000008028d00        0x2 ./Core/Port/wdt.o
                0x0000000008028d00                WDTInit
 *fill*         0x0000000008028d02        0x2 
 .text.WDTFeed  0x0000000008028d04        0xc ./Core/Port/wdt.o
                0x0000000008028d04                WDTFeed
 .text.toogleWDI
                0x0000000008028d10       0x18 ./Core/Port/wdt.o
                0x0000000008028d10                toogleWDI
 .text.forceReset
                0x0000000008028d28       0x30 ./Core/Port/wdt.o
                0x0000000008028d28                forceReset
 .text.angle_norm
                0x0000000008028d58       0xa0 ./Core/Src/calculosST.o
                0x0000000008028d58                angle_norm
 .text.phase_unwrap
                0x0000000008028df8       0x1c ./Core/Src/calculosST.o
                0x0000000008028df8                phase_unwrap
 .text.CriandoSinalBuffREF
                0x0000000008028e14       0x14 ./Core/Src/calculosST.o
                0x0000000008028e14                CriandoSinalBuffREF
 .text.Calculos_detecta_picos
                0x0000000008028e28       0xec ./Core/Src/calculosST.o
                0x0000000008028e28                Calculos_detecta_picos
 .text.signum   0x0000000008028f14       0x18 ./Core/Src/calculosST.o
                0x0000000008028f14                signum
 *fill*         0x0000000008028f2c        0x4 
 .text.Calculos_Interpola
                0x0000000008028f30      0x270 ./Core/Src/calculosST.o
                0x0000000008028f30                Calculos_Interpola
 .text.EspectroAcumulado_reinit
                0x00000000080291a0       0x64 ./Core/Src/calculosST.o
                0x00000000080291a0                EspectroAcumulado_reinit
 .text.MyFFT_Init
                0x0000000008029204       0x18 ./Core/Src/calculosST.o
                0x0000000008029204                MyFFT_Init
 *fill*         0x000000000802921c        0x4 
 .text.AcumulaEspectroBackup
                0x0000000008029220      0x2c0 ./Core/Src/calculosST.o
                0x0000000008029220                AcumulaEspectroBackup
 .text.MyFFT_Execute1
                0x00000000080294e0      0x12c ./Core/Src/calculosST.o
                0x00000000080294e0                MyFFT_Execute1
 *fill*         0x000000000802960c        0x4 
 .text.bestindex
                0x0000000008029610       0xd0 ./Core/Src/calculosST.o
                0x0000000008029610                bestindex
 .text.sinalfp  0x00000000080296e0       0x36 ./Core/Src/calculosST.o
                0x00000000080296e0                sinalfp
 *fill*         0x0000000008029716        0x2 
 .text.CalculaGrandezas1
                0x0000000008029718      0x2c8 ./Core/Src/calculosST.o
                0x0000000008029718                CalculaGrandezas1
 .text.CalculaGrandezas
                0x00000000080299e0     0x13b8 ./Core/Src/calculosST.o
                0x00000000080299e0                CalculaGrandezas
 .text.CalculaPotencias
                0x000000000802ad98     0x1530 ./Core/Src/calculosST.o
                0x000000000802ad98                CalculaPotencias
 .text.newCalc  0x000000000802c2c8      0x1c4 ./Core/Src/calculosST.o
                0x000000000802c2c8                newCalc
 .text.GetSector
                0x000000000802c48c       0xa0 ./Core/Src/flashST.o
 .text.FLASH_escreve_32bits
                0x000000000802c52c       0x2e ./Core/Src/flashST.o
                0x000000000802c52c                FLASH_escreve_32bits
 *fill*         0x000000000802c55a        0x2 
 .text.get_calib_addr
                0x000000000802c55c       0x3c ./Core/Src/flashST.o
                0x000000000802c55c                get_calib_addr
 .text.erase    0x000000000802c598       0xb0 ./Core/Src/flashST.o
                0x000000000802c598                erase
 .text.program  0x000000000802c648       0x90 ./Core/Src/flashST.o
                0x000000000802c648                program
 .text.MX_GPIO_Init
                0x000000000802c6d8      0x270 ./Core/Src/main.o
 .text.MX_TIM12_Init
                0x000000000802c948       0x50 ./Core/Src/main.o
 .text.MX_I2C2_Init
                0x000000000802c998       0x58 ./Core/Src/main.o
 .text.AcertaTimerParaFreqInterrupcao
                0x000000000802c9f0       0x1c ./Core/Src/main.o
                0x000000000802c9f0                AcertaTimerParaFreqInterrupcao
 .text.AcertaTimerParaFs
                0x000000000802ca0c       0x14 ./Core/Src/main.o
                0x000000000802ca0c                AcertaTimerParaFs
 .text.enable_backup_sram
                0x000000000802ca20       0x44 ./Core/Src/main.o
                0x000000000802ca20                enable_backup_sram
 .text.fullADC  0x000000000802ca64      0x15c ./Core/Src/main.o
                0x000000000802ca64                fullADC
 .text.halfADC  0x000000000802cbc0      0x150 ./Core/Src/main.o
                0x000000000802cbc0                halfADC
 .text.HAL_ADC_ConvHalfCpltCallback
                0x000000000802cd10       0x30 ./Core/Src/main.o
                0x000000000802cd10                HAL_ADC_ConvHalfCpltCallback
 .text.HAL_TIM_PeriodElapsedCallback
                0x000000000802cd40       0x2c ./Core/Src/main.o
                0x000000000802cd40                HAL_TIM_PeriodElapsedCallback
 .text.HAL_ADC_ConvCpltCallback
                0x000000000802cd6c       0x54 ./Core/Src/main.o
                0x000000000802cd6c                HAL_ADC_ConvCpltCallback
 .text.SystemClock_Config
                0x000000000802cdc0       0xac ./Core/Src/main.o
                0x000000000802cdc0                SystemClock_Config
 .text.startup.main
                0x000000000802ce6c      0x5b8 ./Core/Src/main.o
                0x000000000802ce6c                main
 .text.Error_Handler
                0x000000000802d424        0x4 ./Core/Src/main.o
                0x000000000802d424                Error_Handler
 .text.SSD1306_Fill
                0x000000000802d428       0x18 ./Core/Src/ssd1306.o
                0x000000000802d428                SSD1306_Fill
 .text.SSD1306_DrawPixel
                0x000000000802d440       0x40 ./Core/Src/ssd1306.o
                0x000000000802d440                SSD1306_DrawPixel
 .text.SSD1306_GotoXY
                0x000000000802d480        0xc ./Core/Src/ssd1306.o
                0x000000000802d480                SSD1306_GotoXY
 .text.SSD1306_Putc
                0x000000000802d48c       0xe4 ./Core/Src/ssd1306.o
                0x000000000802d48c                SSD1306_Putc
 .text.SSD1306_Puts
                0x000000000802d570       0x22 ./Core/Src/ssd1306.o
                0x000000000802d570                SSD1306_Puts
 *fill*         0x000000000802d592        0x2 
 .text.ssd1306_I2C_WriteMulti
                0x000000000802d594       0x3c ./Core/Src/ssd1306.o
                0x000000000802d594                ssd1306_I2C_WriteMulti
 .text.ssd1306_I2C_Write
                0x000000000802d5d0       0x24 ./Core/Src/ssd1306.o
                0x000000000802d5d0                ssd1306_I2C_Write
 .text.SSD1306_UpdateScreen
                0x000000000802d5f4       0x44 ./Core/Src/ssd1306.o
                0x000000000802d5f4                SSD1306_UpdateScreen
 .text.SSD1306_Clear
                0x000000000802d638       0x10 ./Core/Src/ssd1306.o
                0x000000000802d638                SSD1306_Clear
 .text.SSD1306_Init
                0x000000000802d648      0x15c ./Core/Src/ssd1306.o
                0x000000000802d648                SSD1306_Init
 .text.SSD1306_OFF
                0x000000000802d7a4       0x24 ./Core/Src/ssd1306.o
                0x000000000802d7a4                SSD1306_OFF
 .text.HAL_MspInit
                0x000000000802d7c8       0x38 ./Core/Src/stm32f4xx_hal_msp.o
                0x000000000802d7c8                HAL_MspInit
 .text.HAL_ADC_MspInit
                0x000000000802d800       0xf8 ./Core/Src/stm32f4xx_hal_msp.o
                0x000000000802d800                HAL_ADC_MspInit
 .text.HAL_CRC_MspInit
                0x000000000802d8f8       0x30 ./Core/Src/stm32f4xx_hal_msp.o
                0x000000000802d8f8                HAL_CRC_MspInit
 .text.HAL_DAC_MspInit
                0x000000000802d928      0x108 ./Core/Src/stm32f4xx_hal_msp.o
                0x000000000802d928                HAL_DAC_MspInit
 .text.HAL_I2C_MspInit
                0x000000000802da30       0xa4 ./Core/Src/stm32f4xx_hal_msp.o
                0x000000000802da30                HAL_I2C_MspInit
 .text.HAL_RTC_MspInit
                0x000000000802dad4       0x40 ./Core/Src/stm32f4xx_hal_msp.o
                0x000000000802dad4                HAL_RTC_MspInit
 .text.HAL_SPI_MspInit
                0x000000000802db14       0xc4 ./Core/Src/stm32f4xx_hal_msp.o
                0x000000000802db14                HAL_SPI_MspInit
 .text.HAL_TIM_Base_MspInit
                0x000000000802dbd8      0x108 ./Core/Src/stm32f4xx_hal_msp.o
                0x000000000802dbd8                HAL_TIM_Base_MspInit
 .text.HAL_UART_MspInit
                0x000000000802dce0       0x6c ./Core/Src/stm32f4xx_hal_msp.o
                0x000000000802dce0                HAL_UART_MspInit
 .text.NMI_Handler
                0x000000000802dd4c        0x2 ./Core/Src/stm32f4xx_it.o
                0x000000000802dd4c                NMI_Handler
 .text.HardFault_Handler
                0x000000000802dd4e        0x2 ./Core/Src/stm32f4xx_it.o
                0x000000000802dd4e                HardFault_Handler
 .text.MemManage_Handler
                0x000000000802dd50        0x2 ./Core/Src/stm32f4xx_it.o
                0x000000000802dd50                MemManage_Handler
 .text.BusFault_Handler
                0x000000000802dd52        0x2 ./Core/Src/stm32f4xx_it.o
                0x000000000802dd52                BusFault_Handler
 .text.UsageFault_Handler
                0x000000000802dd54        0x2 ./Core/Src/stm32f4xx_it.o
                0x000000000802dd54                UsageFault_Handler
 .text.SVC_Handler
                0x000000000802dd56        0x2 ./Core/Src/stm32f4xx_it.o
                0x000000000802dd56                SVC_Handler
 .text.DebugMon_Handler
                0x000000000802dd58        0x2 ./Core/Src/stm32f4xx_it.o
                0x000000000802dd58                DebugMon_Handler
 .text.PendSV_Handler
                0x000000000802dd5a        0x2 ./Core/Src/stm32f4xx_it.o
                0x000000000802dd5a                PendSV_Handler
 .text.SysTick_Handler
                0x000000000802dd5c        0x4 ./Core/Src/stm32f4xx_it.o
                0x000000000802dd5c                SysTick_Handler
 .text.EXTI2_IRQHandler
                0x000000000802dd60       0x10 ./Core/Src/stm32f4xx_it.o
                0x000000000802dd60                EXTI2_IRQHandler
 .text.DMA1_Stream5_IRQHandler
                0x000000000802dd70        0xc ./Core/Src/stm32f4xx_it.o
                0x000000000802dd70                DMA1_Stream5_IRQHandler
 .text.DMA1_Stream6_IRQHandler
                0x000000000802dd7c        0xc ./Core/Src/stm32f4xx_it.o
                0x000000000802dd7c                DMA1_Stream6_IRQHandler
 .text.TIM2_IRQHandler
                0x000000000802dd88       0x14 ./Core/Src/stm32f4xx_it.o
                0x000000000802dd88                TIM2_IRQHandler
 .text.TIM8_BRK_TIM12_IRQHandler
                0x000000000802dd9c        0xc ./Core/Src/stm32f4xx_it.o
                0x000000000802dd9c                TIM8_BRK_TIM12_IRQHandler
 .text.TIM6_DAC_IRQHandler
                0x000000000802dda8       0x20 ./Core/Src/stm32f4xx_it.o
                0x000000000802dda8                TIM6_DAC_IRQHandler
 .text.DMA2_Stream0_IRQHandler
                0x000000000802ddc8        0xc ./Core/Src/stm32f4xx_it.o
                0x000000000802ddc8                DMA2_Stream0_IRQHandler
 .text.ETH_IRQHandler
                0x000000000802ddd4        0xc ./Core/Src/stm32f4xx_it.o
                0x000000000802ddd4                ETH_IRQHandler
 .text._getpid  0x000000000802dde0        0x4 ./Core/Src/syscalls.o
                0x000000000802dde0                _getpid
 .text._kill    0x000000000802dde4       0x10 ./Core/Src/syscalls.o
                0x000000000802dde4                _kill
 .text._exit    0x000000000802ddf4        0xc ./Core/Src/syscalls.o
                0x000000000802ddf4                _exit
 .text._read    0x000000000802de00       0x1a ./Core/Src/syscalls.o
                0x000000000802de00                _read
 .text._write   0x000000000802de1a       0x1a ./Core/Src/syscalls.o
                0x000000000802de1a                _write
 .text._close   0x000000000802de34        0x6 ./Core/Src/syscalls.o
                0x000000000802de34                _close
 .text._fstat   0x000000000802de3a        0xa ./Core/Src/syscalls.o
                0x000000000802de3a                _fstat
 .text._isatty  0x000000000802de44        0x4 ./Core/Src/syscalls.o
                0x000000000802de44                _isatty
 .text._lseek   0x000000000802de48        0x4 ./Core/Src/syscalls.o
                0x000000000802de48                _lseek
 .text._sbrk    0x000000000802de4c       0x40 ./Core/Src/sysmem.o
                0x000000000802de4c                _sbrk
 .text.SystemInit
                0x000000000802de8c       0x1c ./Core/Src/system_stm32f4xx.o
                0x000000000802de8c                SystemInit
 .text.echo_accept
                0x000000000802dea8       0x34 ./Core/Src/tcpfunc.o
 .text.tcp_echoserver_receive_callback1
                0x000000000802dedc       0x74 ./Core/Src/tcpfunc.o
                0x000000000802dedc                tcp_echoserver_receive_callback1
 .text.tcp_send1
                0x000000000802df50       0x34 ./Core/Src/tcpfunc.o
                0x000000000802df50                tcp_send1
 .text.get_port
                0x000000000802df84       0x14 ./Core/Src/tcpfunc.o
                0x000000000802df84                get_port
 .text.tcp_echoserver_init
                0x000000000802df98       0x54 ./Core/Src/tcpfunc.o
                0x000000000802df98                tcp_echoserver_init
 .text.udp_echoserver_receive_callback1
                0x000000000802dfec       0x48 ./Core/Src/udpfunc.o
                0x000000000802dfec                udp_echoserver_receive_callback1
 .text.udp_send1
                0x000000000802e034       0x40 ./Core/Src/udpfunc.o
                0x000000000802e034                udp_send1
 .text.udp_echoserver_init
                0x000000000802e074       0x44 ./Core/Src/udpfunc.o
                0x000000000802e074                udp_echoserver_init
 .text.Reset_Handler
                0x000000000802e0b8       0x50 ./Core/Startup/startup_stm32f427aghx.o
                0x000000000802e0b8                Reset_Handler
 .text.Default_Handler
                0x000000000802e108        0x2 ./Core/Startup/startup_stm32f427aghx.o
                0x000000000802e108                RTC_Alarm_IRQHandler
                0x000000000802e108                HASH_RNG_IRQHandler
                0x000000000802e108                TIM8_CC_IRQHandler
                0x000000000802e108                UART8_IRQHandler
                0x000000000802e108                SPI4_IRQHandler
                0x000000000802e108                TIM1_CC_IRQHandler
                0x000000000802e108                DMA2_Stream5_IRQHandler
                0x000000000802e108                PVD_IRQHandler
                0x000000000802e108                SDIO_IRQHandler
                0x000000000802e108                TAMP_STAMP_IRQHandler
                0x000000000802e108                CAN2_RX1_IRQHandler
                0x000000000802e108                EXTI3_IRQHandler
                0x000000000802e108                TIM8_TRG_COM_TIM14_IRQHandler
                0x000000000802e108                TIM1_UP_TIM10_IRQHandler
                0x000000000802e108                TIM8_UP_TIM13_IRQHandler
                0x000000000802e108                I2C3_ER_IRQHandler
                0x000000000802e108                EXTI0_IRQHandler
                0x000000000802e108                I2C2_EV_IRQHandler
                0x000000000802e108                DMA1_Stream2_IRQHandler
                0x000000000802e108                CAN1_RX0_IRQHandler
                0x000000000802e108                FPU_IRQHandler
                0x000000000802e108                OTG_HS_WKUP_IRQHandler
                0x000000000802e108                CAN2_SCE_IRQHandler
                0x000000000802e108                DMA2_Stream2_IRQHandler
                0x000000000802e108                SPI1_IRQHandler
                0x000000000802e108                TIM1_BRK_TIM9_IRQHandler
                0x000000000802e108                DCMI_IRQHandler
                0x000000000802e108                CAN2_RX0_IRQHandler
                0x000000000802e108                DMA2_Stream3_IRQHandler
                0x000000000802e108                USART6_IRQHandler
                0x000000000802e108                USART3_IRQHandler
                0x000000000802e108                CAN1_RX1_IRQHandler
                0x000000000802e108                UART5_IRQHandler
                0x000000000802e108                TIM4_IRQHandler
                0x000000000802e108                I2C1_EV_IRQHandler
                0x000000000802e108                DMA1_Stream1_IRQHandler
                0x000000000802e108                UART4_IRQHandler
                0x000000000802e108                TIM3_IRQHandler
                0x000000000802e108                RCC_IRQHandler
                0x000000000802e108                Default_Handler
                0x000000000802e108                EXTI15_10_IRQHandler
                0x000000000802e108                ADC_IRQHandler
                0x000000000802e108                DMA1_Stream7_IRQHandler
                0x000000000802e108                SPI5_IRQHandler
                0x000000000802e108                TIM7_IRQHandler
                0x000000000802e108                CAN2_TX_IRQHandler
                0x000000000802e108                TIM5_IRQHandler
                0x000000000802e108                DMA2_Stream7_IRQHandler
                0x000000000802e108                I2C3_EV_IRQHandler
                0x000000000802e108                EXTI9_5_IRQHandler
                0x000000000802e108                RTC_WKUP_IRQHandler
                0x000000000802e108                ETH_WKUP_IRQHandler
                0x000000000802e108                SPI2_IRQHandler
                0x000000000802e108                OTG_HS_EP1_IN_IRQHandler
                0x000000000802e108                DMA1_Stream0_IRQHandler
                0x000000000802e108                CAN1_TX_IRQHandler
                0x000000000802e108                EXTI4_IRQHandler
                0x000000000802e108                OTG_HS_EP1_OUT_IRQHandler
                0x000000000802e108                WWDG_IRQHandler
                0x000000000802e108                SPI6_IRQHandler
                0x000000000802e108                OTG_FS_WKUP_IRQHandler
                0x000000000802e108                TIM1_TRG_COM_TIM11_IRQHandler
                0x000000000802e108                OTG_HS_IRQHandler
                0x000000000802e108                DMA2D_IRQHandler
                0x000000000802e108                EXTI1_IRQHandler
                0x000000000802e108                UART7_IRQHandler
                0x000000000802e108                USART2_IRQHandler
                0x000000000802e108                I2C2_ER_IRQHandler
                0x000000000802e108                DMA2_Stream1_IRQHandler
                0x000000000802e108                CAN1_SCE_IRQHandler
                0x000000000802e108                FLASH_IRQHandler
                0x000000000802e108                DMA2_Stream4_IRQHandler
                0x000000000802e108                USART1_IRQHandler
                0x000000000802e108                OTG_FS_IRQHandler
                0x000000000802e108                SPI3_IRQHandler
                0x000000000802e108                DMA1_Stream4_IRQHandler
                0x000000000802e108                I2C1_ER_IRQHandler
                0x000000000802e108                FMC_IRQHandler
                0x000000000802e108                DMA2_Stream6_IRQHandler
                0x000000000802e108                SAI1_IRQHandler
                0x000000000802e108                DMA1_Stream3_IRQHandler
 *fill*         0x000000000802e10a        0x2 
 .text.HAL_InitTick
                0x000000000802e10c       0x48 ./Drivers/STM32F4xx_HAL_Driver/Src/stm32f4xx_hal.o
                0x000000000802e10c                HAL_InitTick
 .text.HAL_Init
                0x000000000802e154       0x34 ./Drivers/STM32F4xx_HAL_Driver/Src/stm32f4xx_hal.o
                0x000000000802e154                HAL_Init
 .text.HAL_IncTick
                0x000000000802e188       0x18 ./Drivers/STM32F4xx_HAL_Driver/Src/stm32f4xx_hal.o
                0x000000000802e188                HAL_IncTick
 .text.HAL_GetTick
                0x000000000802e1a0        0xc ./Drivers/STM32F4xx_HAL_Driver/Src/stm32f4xx_hal.o
                0x000000000802e1a0                HAL_GetTick
 .text.HAL_Delay
                0x000000000802e1ac       0x28 ./Drivers/STM32F4xx_HAL_Driver/Src/stm32f4xx_hal.o
                0x000000000802e1ac                HAL_Delay
 .text.ADC_DMAConvCplt
                0x000000000802e1d4       0x60 ./Drivers/STM32F4xx_HAL_Driver/Src/stm32f4xx_hal_adc.o
 .text.ADC_DMAHalfConvCplt
                0x000000000802e234        0x6 ./Drivers/STM32F4xx_HAL_Driver/Src/stm32f4xx_hal_adc.o
 .text.ADC_DMAError
                0x000000000802e23a       0x12 ./Drivers/STM32F4xx_HAL_Driver/Src/stm32f4xx_hal_adc.o
 .text.HAL_ADC_ErrorCallback
                0x000000000802e24c        0x2 ./Drivers/STM32F4xx_HAL_Driver/Src/stm32f4xx_hal_adc.o
                0x000000000802e24c                HAL_ADC_ErrorCallback
 .text.HAL_ADC_LevelOutOfWindowCallback
                0x000000000802e24e        0x2 ./Drivers/STM32F4xx_HAL_Driver/Src/stm32f4xx_hal_adc.o
                0x000000000802e24e                HAL_ADC_LevelOutOfWindowCallback
 .text.HAL_ADC_Init
                0x000000000802e250      0x184 ./Drivers/STM32F4xx_HAL_Driver/Src/stm32f4xx_hal_adc.o
                0x000000000802e250                HAL_ADC_Init
 .text.HAL_ADC_Start_DMA
                0x000000000802e3d4      0x154 ./Drivers/STM32F4xx_HAL_Driver/Src/stm32f4xx_hal_adc.o
                0x000000000802e3d4                HAL_ADC_Start_DMA
 .text.HAL_ADC_ConfigChannel
                0x000000000802e528      0x138 ./Drivers/STM32F4xx_HAL_Driver/Src/stm32f4xx_hal_adc.o
                0x000000000802e528                HAL_ADC_ConfigChannel
 .text.HAL_ADCEx_InjectedConvCpltCallback
                0x000000000802e660        0x2 ./Drivers/STM32F4xx_HAL_Driver/Src/stm32f4xx_hal_adc_ex.o
                0x000000000802e660                HAL_ADCEx_InjectedConvCpltCallback
 *fill*         0x000000000802e662        0x2 
 .text.HAL_NVIC_SetPriorityGrouping
                0x000000000802e664       0x24 ./Drivers/STM32F4xx_HAL_Driver/Src/stm32f4xx_hal_cortex.o
                0x000000000802e664                HAL_NVIC_SetPriorityGrouping
 .text.HAL_NVIC_SetPriority
                0x000000000802e688       0x64 ./Drivers/STM32F4xx_HAL_Driver/Src/stm32f4xx_hal_cortex.o
                0x000000000802e688                HAL_NVIC_SetPriority
 .text.HAL_NVIC_EnableIRQ
                0x000000000802e6ec       0x1c ./Drivers/STM32F4xx_HAL_Driver/Src/stm32f4xx_hal_cortex.o
                0x000000000802e6ec                HAL_NVIC_EnableIRQ
 .text.HAL_SYSTICK_Config
                0x000000000802e708       0x2c ./Drivers/STM32F4xx_HAL_Driver/Src/stm32f4xx_hal_cortex.o
                0x000000000802e708                HAL_SYSTICK_Config
 .text.HAL_NVIC_ClearPendingIRQ
                0x000000000802e734       0x20 ./Drivers/STM32F4xx_HAL_Driver/Src/stm32f4xx_hal_cortex.o
                0x000000000802e734                HAL_NVIC_ClearPendingIRQ
 .text.HAL_CRC_Init
                0x000000000802e754       0x20 ./Drivers/STM32F4xx_HAL_Driver/Src/stm32f4xx_hal_crc.o
                0x000000000802e754                HAL_CRC_Init
 .text.HAL_DAC_Init
                0x000000000802e774       0x26 ./Drivers/STM32F4xx_HAL_Driver/Src/stm32f4xx_hal_dac.o
                0x000000000802e774                HAL_DAC_Init
 .text.HAL_DAC_DMAUnderrunCallbackCh1
                0x000000000802e79a        0x2 ./Drivers/STM32F4xx_HAL_Driver/Src/stm32f4xx_hal_dac.o
                0x000000000802e79a                HAL_DAC_DMAUnderrunCallbackCh1
 .text.HAL_DAC_IRQHandler
                0x000000000802e79c       0x64 ./Drivers/STM32F4xx_HAL_Driver/Src/stm32f4xx_hal_dac.o
                0x000000000802e79c                HAL_DAC_IRQHandler
 .text.HAL_DAC_ConfigChannel
                0x000000000802e800       0x46 ./Drivers/STM32F4xx_HAL_Driver/Src/stm32f4xx_hal_dac.o
                0x000000000802e800                HAL_DAC_ConfigChannel
 .text.HAL_DACEx_DMAUnderrunCallbackCh2
                0x000000000802e846        0x2 ./Drivers/STM32F4xx_HAL_Driver/Src/stm32f4xx_hal_dac_ex.o
                0x000000000802e846                HAL_DACEx_DMAUnderrunCallbackCh2
 .text.DMA_CalcBaseAndBitshift
                0x000000000802e848       0x2c ./Drivers/STM32F4xx_HAL_Driver/Src/stm32f4xx_hal_dma.o
 .text.HAL_DMA_Init
                0x000000000802e874      0x100 ./Drivers/STM32F4xx_HAL_Driver/Src/stm32f4xx_hal_dma.o
                0x000000000802e874                HAL_DMA_Init
 .text.HAL_DMA_Start_IT
                0x000000000802e974       0x74 ./Drivers/STM32F4xx_HAL_Driver/Src/stm32f4xx_hal_dma.o
                0x000000000802e974                HAL_DMA_Start_IT
 .text.HAL_DMA_IRQHandler
                0x000000000802e9e8      0x17c ./Drivers/STM32F4xx_HAL_Driver/Src/stm32f4xx_hal_dma.o
                0x000000000802e9e8                HAL_DMA_IRQHandler
 .text.ETH_Delay.constprop.0
                0x000000000802eb64       0x24 ./Drivers/STM32F4xx_HAL_Driver/Src/stm32f4xx_hal_eth.o
 .text.ETH_FlushTransmitFIFO
                0x000000000802eb88       0x28 ./Drivers/STM32F4xx_HAL_Driver/Src/stm32f4xx_hal_eth.o
 .text.ETH_MACDMAConfig
                0x000000000802ebb0       0xf4 ./Drivers/STM32F4xx_HAL_Driver/Src/stm32f4xx_hal_eth.o
 .text.HAL_ETH_ErrorCallback
                0x000000000802eca4        0x2 ./Drivers/STM32F4xx_HAL_Driver/Src/stm32f4xx_hal_eth.o
                0x000000000802eca4                HAL_ETH_ErrorCallback
 .text.HAL_ETH_TxCpltCallback
                0x000000000802eca6        0x2 ./Drivers/STM32F4xx_HAL_Driver/Src/stm32f4xx_hal_eth.o
                0x000000000802eca6                HAL_ETH_TxCpltCallback
 .text.HAL_ETH_RxCpltCallback
                0x000000000802eca8        0x2 ./Drivers/STM32F4xx_HAL_Driver/Src/stm32f4xx_hal_eth.o
                0x000000000802eca8                HAL_ETH_RxCpltCallback
 .text.HAL_ETH_DMATxDescListInit
                0x000000000802ecaa       0x78 ./Drivers/STM32F4xx_HAL_Driver/Src/stm32f4xx_hal_eth.o
                0x000000000802ecaa                HAL_ETH_DMATxDescListInit
 .text.HAL_ETH_DMARxDescListInit
                0x000000000802ed22       0x74 ./Drivers/STM32F4xx_HAL_Driver/Src/stm32f4xx_hal_eth.o
                0x000000000802ed22                HAL_ETH_DMARxDescListInit
 *fill*         0x000000000802ed96        0x2 
 .text.HAL_ETH_TransmitFrame
                0x000000000802ed98       0xe8 ./Drivers/STM32F4xx_HAL_Driver/Src/stm32f4xx_hal_eth.o
                0x000000000802ed98                HAL_ETH_TransmitFrame
 .text.HAL_ETH_GetReceivedFrame
                0x000000000802ee80       0x7e ./Drivers/STM32F4xx_HAL_Driver/Src/stm32f4xx_hal_eth.o
                0x000000000802ee80                HAL_ETH_GetReceivedFrame
 .text.HAL_ETH_IRQHandler
                0x000000000802eefe       0x70 ./Drivers/STM32F4xx_HAL_Driver/Src/stm32f4xx_hal_eth.o
                0x000000000802eefe                HAL_ETH_IRQHandler
 .text.HAL_ETH_ReadPHYRegister
                0x000000000802ef6e       0x76 ./Drivers/STM32F4xx_HAL_Driver/Src/stm32f4xx_hal_eth.o
                0x000000000802ef6e                HAL_ETH_ReadPHYRegister
 .text.HAL_ETH_WritePHYRegister
                0x000000000802efe4       0x70 ./Drivers/STM32F4xx_HAL_Driver/Src/stm32f4xx_hal_eth.o
                0x000000000802efe4                HAL_ETH_WritePHYRegister
 .text.HAL_ETH_Init
                0x000000000802f054      0x220 ./Drivers/STM32F4xx_HAL_Driver/Src/stm32f4xx_hal_eth.o
                0x000000000802f054                HAL_ETH_Init
 .text.HAL_ETH_Start
                0x000000000802f274       0x74 ./Drivers/STM32F4xx_HAL_Driver/Src/stm32f4xx_hal_eth.o
                0x000000000802f274                HAL_ETH_Start
 .text.HAL_ETH_Stop
                0x000000000802f2e8       0x74 ./Drivers/STM32F4xx_HAL_Driver/Src/stm32f4xx_hal_eth.o
                0x000000000802f2e8                HAL_ETH_Stop
 .text.HAL_ETH_ConfigMAC
                0x000000000802f35c      0x118 ./Drivers/STM32F4xx_HAL_Driver/Src/stm32f4xx_hal_eth.o
                0x000000000802f35c                HAL_ETH_ConfigMAC
 .text.FLASH_Program_DoubleWord
                0x000000000802f474       0x2c ./Drivers/STM32F4xx_HAL_Driver/Src/stm32f4xx_hal_flash.o
 .text.FLASH_Program_Word
                0x000000000802f4a0       0x24 ./Drivers/STM32F4xx_HAL_Driver/Src/stm32f4xx_hal_flash.o
 .text.FLASH_Program_HalfWord
                0x000000000802f4c4       0x24 ./Drivers/STM32F4xx_HAL_Driver/Src/stm32f4xx_hal_flash.o
 .text.FLASH_SetErrorCode
                0x000000000802f4e8       0x8c ./Drivers/STM32F4xx_HAL_Driver/Src/stm32f4xx_hal_flash.o
 .text.HAL_FLASH_Unlock
                0x000000000802f574       0x24 ./Drivers/STM32F4xx_HAL_Driver/Src/stm32f4xx_hal_flash.o
                0x000000000802f574                HAL_FLASH_Unlock
 .text.HAL_FLASH_Lock
                0x000000000802f598       0x14 ./Drivers/STM32F4xx_HAL_Driver/Src/stm32f4xx_hal_flash.o
                0x000000000802f598                HAL_FLASH_Lock
 .text.HAL_FLASH_OB_Unlock
                0x000000000802f5ac       0x24 ./Drivers/STM32F4xx_HAL_Driver/Src/stm32f4xx_hal_flash.o
                0x000000000802f5ac                HAL_FLASH_OB_Unlock
 .text.HAL_FLASH_OB_Lock
                0x000000000802f5d0       0x14 ./Drivers/STM32F4xx_HAL_Driver/Src/stm32f4xx_hal_flash.o
                0x000000000802f5d0                HAL_FLASH_OB_Lock
 .text.HAL_FLASH_GetError
                0x000000000802f5e4        0xc ./Drivers/STM32F4xx_HAL_Driver/Src/stm32f4xx_hal_flash.o
                0x000000000802f5e4                HAL_FLASH_GetError
 .text.FLASH_WaitForLastOperation
                0x000000000802f5f0       0x54 ./Drivers/STM32F4xx_HAL_Driver/Src/stm32f4xx_hal_flash.o
                0x000000000802f5f0                FLASH_WaitForLastOperation
 .text.HAL_FLASH_Program
                0x000000000802f644       0x8c ./Drivers/STM32F4xx_HAL_Driver/Src/stm32f4xx_hal_flash.o
                0x000000000802f644                HAL_FLASH_Program
 .text.FLASH_MassErase
                0x000000000802f6d0       0x38 ./Drivers/STM32F4xx_HAL_Driver/Src/stm32f4xx_hal_flash_ex.o
 .text.FLASH_Erase_Sector
                0x000000000802f708       0x50 ./Drivers/STM32F4xx_HAL_Driver/Src/stm32f4xx_hal_flash_ex.o
                0x000000000802f708                FLASH_Erase_Sector
 .text.FLASH_FlushCaches
                0x000000000802f758       0x58 ./Drivers/STM32F4xx_HAL_Driver/Src/stm32f4xx_hal_flash_ex.o
                0x000000000802f758                FLASH_FlushCaches
 .text.HAL_FLASHEx_Erase
                0x000000000802f7b0       0xa4 ./Drivers/STM32F4xx_HAL_Driver/Src/stm32f4xx_hal_flash_ex.o
                0x000000000802f7b0                HAL_FLASHEx_Erase
 .text.HAL_GPIO_Init
                0x000000000802f854      0x1cc ./Drivers/STM32F4xx_HAL_Driver/Src/stm32f4xx_hal_gpio.o
                0x000000000802f854                HAL_GPIO_Init
 .text.HAL_GPIO_ReadPin
                0x000000000802fa20        0xc ./Drivers/STM32F4xx_HAL_Driver/Src/stm32f4xx_hal_gpio.o
                0x000000000802fa20                HAL_GPIO_ReadPin
 .text.HAL_GPIO_WritePin
                0x000000000802fa2c        0xa ./Drivers/STM32F4xx_HAL_Driver/Src/stm32f4xx_hal_gpio.o
                0x000000000802fa2c                HAL_GPIO_WritePin
 .text.HAL_GPIO_TogglePin
                0x000000000802fa36       0x12 ./Drivers/STM32F4xx_HAL_Driver/Src/stm32f4xx_hal_gpio.o
                0x000000000802fa36                HAL_GPIO_TogglePin
 .text.HAL_GPIO_EXTI_Callback
                0x000000000802fa48        0x2 ./Drivers/STM32F4xx_HAL_Driver/Src/stm32f4xx_hal_gpio.o
                0x000000000802fa48                HAL_GPIO_EXTI_Callback
 *fill*         0x000000000802fa4a        0x2 
 .text.HAL_GPIO_EXTI_IRQHandler
                0x000000000802fa4c       0x18 ./Drivers/STM32F4xx_HAL_Driver/Src/stm32f4xx_hal_gpio.o
                0x000000000802fa4c                HAL_GPIO_EXTI_IRQHandler
 .text.I2C_IsAcknowledgeFailed
                0x000000000802fa64       0x34 ./Drivers/STM32F4xx_HAL_Driver/Src/stm32f4xx_hal_i2c.o
 .text.I2C_WaitOnMasterAddressFlagUntilTimeout
                0x000000000802fa98       0x76 ./Drivers/STM32F4xx_HAL_Driver/Src/stm32f4xx_hal_i2c.o
 .text.I2C_WaitOnBTFFlagUntilTimeout
                0x000000000802fb0e       0x4c ./Drivers/STM32F4xx_HAL_Driver/Src/stm32f4xx_hal_i2c.o
 .text.I2C_WaitOnFlagUntilTimeout
                0x000000000802fb5a       0x64 ./Drivers/STM32F4xx_HAL_Driver/Src/stm32f4xx_hal_i2c.o
 .text.I2C_WaitOnTXEFlagUntilTimeout
                0x000000000802fbbe       0x4c ./Drivers/STM32F4xx_HAL_Driver/Src/stm32f4xx_hal_i2c.o
 *fill*         0x000000000802fc0a        0x2 
 .text.HAL_I2C_Init
                0x000000000802fc0c      0x150 ./Drivers/STM32F4xx_HAL_Driver/Src/stm32f4xx_hal_i2c.o
                0x000000000802fc0c                HAL_I2C_Init
 .text.HAL_I2C_Master_Transmit
                0x000000000802fd5c      0x1b0 ./Drivers/STM32F4xx_HAL_Driver/Src/stm32f4xx_hal_i2c.o
                0x000000000802fd5c                HAL_I2C_Master_Transmit
 .text.HAL_I2C_IsDeviceReady
                0x000000000802ff0c      0x160 ./Drivers/STM32F4xx_HAL_Driver/Src/stm32f4xx_hal_i2c.o
                0x000000000802ff0c                HAL_I2C_IsDeviceReady
 .text.HAL_I2CEx_ConfigAnalogFilter
                0x000000000803006c       0x3e ./Drivers/STM32F4xx_HAL_Driver/Src/stm32f4xx_hal_i2c_ex.o
                0x000000000803006c                HAL_I2CEx_ConfigAnalogFilter
 .text.HAL_I2CEx_ConfigDigitalFilter
                0x00000000080300aa       0x3e ./Drivers/STM32F4xx_HAL_Driver/Src/stm32f4xx_hal_i2c_ex.o
                0x00000000080300aa                HAL_I2CEx_ConfigDigitalFilter
 .text.HAL_IWDG_Init
                0x00000000080300e8       0x50 ./Drivers/STM32F4xx_HAL_Driver/Src/stm32f4xx_hal_iwdg.o
                0x00000000080300e8                HAL_IWDG_Init
 .text.HAL_IWDG_Refresh
                0x0000000008030138        0xc ./Drivers/STM32F4xx_HAL_Driver/Src/stm32f4xx_hal_iwdg.o
                0x0000000008030138                HAL_IWDG_Refresh
 .text.HAL_PWR_EnableBkUpAccess
                0x0000000008030144       0x1c ./Drivers/STM32F4xx_HAL_Driver/Src/stm32f4xx_hal_pwr.o
                0x0000000008030144                HAL_PWR_EnableBkUpAccess
 .text.HAL_PWREx_EnableBkUpReg
                0x0000000008030160       0x34 ./Drivers/STM32F4xx_HAL_Driver/Src/stm32f4xx_hal_pwr_ex.o
                0x0000000008030160                HAL_PWREx_EnableBkUpReg
 .text.HAL_PWREx_EnableOverDrive
                0x0000000008030194       0x78 ./Drivers/STM32F4xx_HAL_Driver/Src/stm32f4xx_hal_pwr_ex.o
                0x0000000008030194                HAL_PWREx_EnableOverDrive
 .text.HAL_RCC_OscConfig
                0x000000000803020c      0x358 ./Drivers/STM32F4xx_HAL_Driver/Src/stm32f4xx_hal_rcc.o
                0x000000000803020c                HAL_RCC_OscConfig
 .text.HAL_RCC_GetSysClockFreq
                0x0000000008030564       0x5c ./Drivers/STM32F4xx_HAL_Driver/Src/stm32f4xx_hal_rcc.o
                0x0000000008030564                HAL_RCC_GetSysClockFreq
 .text.HAL_RCC_ClockConfig
                0x00000000080305c0      0x138 ./Drivers/STM32F4xx_HAL_Driver/Src/stm32f4xx_hal_rcc.o
                0x00000000080305c0                HAL_RCC_ClockConfig
 .text.HAL_RCC_GetHCLKFreq
                0x00000000080306f8        0xc ./Drivers/STM32F4xx_HAL_Driver/Src/stm32f4xx_hal_rcc.o
                0x00000000080306f8                HAL_RCC_GetHCLKFreq
 .text.HAL_RCC_GetPCLK1Freq
                0x0000000008030704       0x20 ./Drivers/STM32F4xx_HAL_Driver/Src/stm32f4xx_hal_rcc.o
                0x0000000008030704                HAL_RCC_GetPCLK1Freq
 .text.HAL_RCC_GetPCLK2Freq
                0x0000000008030724       0x20 ./Drivers/STM32F4xx_HAL_Driver/Src/stm32f4xx_hal_rcc.o
                0x0000000008030724                HAL_RCC_GetPCLK2Freq
 .text.HAL_RCCEx_PeriphCLKConfig
                0x0000000008030744      0x254 ./Drivers/STM32F4xx_HAL_Driver/Src/stm32f4xx_hal_rcc_ex.o
                0x0000000008030744                HAL_RCCEx_PeriphCLKConfig
 .text.HAL_RTC_WaitForSynchro
                0x0000000008030998       0x30 ./Drivers/STM32F4xx_HAL_Driver/Src/stm32f4xx_hal_rtc.o
                0x0000000008030998                HAL_RTC_WaitForSynchro
 .text.RTC_EnterInitMode
                0x00000000080309c8       0x34 ./Drivers/STM32F4xx_HAL_Driver/Src/stm32f4xx_hal_rtc.o
                0x00000000080309c8                RTC_EnterInitMode
 .text.HAL_RTC_Init
                0x00000000080309fc       0x9c ./Drivers/STM32F4xx_HAL_Driver/Src/stm32f4xx_hal_rtc.o
                0x00000000080309fc                HAL_RTC_Init
 .text.RTC_ByteToBcd2
                0x0000000008030a98       0x16 ./Drivers/STM32F4xx_HAL_Driver/Src/stm32f4xx_hal_rtc.o
                0x0000000008030a98                RTC_ByteToBcd2
 .text.HAL_RTC_SetTime
                0x0000000008030aae       0xe2 ./Drivers/STM32F4xx_HAL_Driver/Src/stm32f4xx_hal_rtc.o
                0x0000000008030aae                HAL_RTC_SetTime
 .text.HAL_RTC_SetDate
                0x0000000008030b90       0xc0 ./Drivers/STM32F4xx_HAL_Driver/Src/stm32f4xx_hal_rtc.o
                0x0000000008030b90                HAL_RTC_SetDate
 .text.RTC_Bcd2ToByte
                0x0000000008030c50       0x12 ./Drivers/STM32F4xx_HAL_Driver/Src/stm32f4xx_hal_rtc.o
                0x0000000008030c50                RTC_Bcd2ToByte
 .text.HAL_RTC_GetTime
                0x0000000008030c62       0x4a ./Drivers/STM32F4xx_HAL_Driver/Src/stm32f4xx_hal_rtc.o
                0x0000000008030c62                HAL_RTC_GetTime
 .text.HAL_RTC_GetDate
                0x0000000008030cac       0x3a ./Drivers/STM32F4xx_HAL_Driver/Src/stm32f4xx_hal_rtc.o
                0x0000000008030cac                HAL_RTC_GetDate
 .text.HAL_RTCEx_BKUPWrite
                0x0000000008030ce6        0xa ./Drivers/STM32F4xx_HAL_Driver/Src/stm32f4xx_hal_rtc_ex.o
                0x0000000008030ce6                HAL_RTCEx_BKUPWrite
 .text.HAL_RTCEx_BKUPRead
                0x0000000008030cf0        0xa ./Drivers/STM32F4xx_HAL_Driver/Src/stm32f4xx_hal_rtc_ex.o
                0x0000000008030cf0                HAL_RTCEx_BKUPRead
 .text.HAL_RTCEx_SetSmoothCalib
                0x0000000008030cfa       0x70 ./Drivers/STM32F4xx_HAL_Driver/Src/stm32f4xx_hal_rtc_ex.o
                0x0000000008030cfa                HAL_RTCEx_SetSmoothCalib
 .text.HAL_SPI_Init
                0x0000000008030d6a       0xb8 ./Drivers/STM32F4xx_HAL_Driver/Src/stm32f4xx_hal_spi.o
                0x0000000008030d6a                HAL_SPI_Init
 *fill*         0x0000000008030e22        0x2 
 .text.HAL_TIM_Base_Start
                0x0000000008030e24       0x6c ./Drivers/STM32F4xx_HAL_Driver/Src/stm32f4xx_hal_tim.o
                0x0000000008030e24                HAL_TIM_Base_Start
 .text.HAL_TIM_Base_Stop
                0x0000000008030e90       0x28 ./Drivers/STM32F4xx_HAL_Driver/Src/stm32f4xx_hal_tim.o
                0x0000000008030e90                HAL_TIM_Base_Stop
 .text.HAL_TIM_Base_Start_IT
                0x0000000008030eb8       0x74 ./Drivers/STM32F4xx_HAL_Driver/Src/stm32f4xx_hal_tim.o
                0x0000000008030eb8                HAL_TIM_Base_Start_IT
 .text.HAL_TIM_OC_DelayElapsedCallback
                0x0000000008030f2c        0x2 ./Drivers/STM32F4xx_HAL_Driver/Src/stm32f4xx_hal_tim.o
                0x0000000008030f2c                HAL_TIM_OC_DelayElapsedCallback
 .text.HAL_TIM_IC_CaptureCallback
                0x0000000008030f2e        0x2 ./Drivers/STM32F4xx_HAL_Driver/Src/stm32f4xx_hal_tim.o
                0x0000000008030f2e                HAL_TIM_IC_CaptureCallback
 .text.HAL_TIM_PWM_PulseFinishedCallback
                0x0000000008030f30        0x2 ./Drivers/STM32F4xx_HAL_Driver/Src/stm32f4xx_hal_tim.o
                0x0000000008030f30                HAL_TIM_PWM_PulseFinishedCallback
 .text.HAL_TIM_TriggerCallback
                0x0000000008030f32        0x2 ./Drivers/STM32F4xx_HAL_Driver/Src/stm32f4xx_hal_tim.o
                0x0000000008030f32                HAL_TIM_TriggerCallback
 .text.HAL_TIM_IRQHandler
                0x0000000008030f34      0x144 ./Drivers/STM32F4xx_HAL_Driver/Src/stm32f4xx_hal_tim.o
                0x0000000008030f34                HAL_TIM_IRQHandler
 .text.TIM_Base_SetConfig
                0x0000000008031078       0xcc ./Drivers/STM32F4xx_HAL_Driver/Src/stm32f4xx_hal_tim.o
                0x0000000008031078                TIM_Base_SetConfig
 .text.HAL_TIM_Base_Init
                0x0000000008031144       0x58 ./Drivers/STM32F4xx_HAL_Driver/Src/stm32f4xx_hal_tim.o
                0x0000000008031144                HAL_TIM_Base_Init
 .text.TIM_ETR_SetConfig
                0x000000000803119c       0x14 ./Drivers/STM32F4xx_HAL_Driver/Src/stm32f4xx_hal_tim.o
                0x000000000803119c                TIM_ETR_SetConfig
 .text.HAL_TIM_ConfigClockSource
                0x00000000080311b0      0x138 ./Drivers/STM32F4xx_HAL_Driver/Src/stm32f4xx_hal_tim.o
                0x00000000080311b0                HAL_TIM_ConfigClockSource
 .text.HAL_TIMEx_MasterConfigSynchronization
                0x00000000080312e8       0x7c ./Drivers/STM32F4xx_HAL_Driver/Src/stm32f4xx_hal_tim_ex.o
                0x00000000080312e8                HAL_TIMEx_MasterConfigSynchronization
 .text.HAL_TIMEx_CommutCallback
                0x0000000008031364        0x2 ./Drivers/STM32F4xx_HAL_Driver/Src/stm32f4xx_hal_tim_ex.o
                0x0000000008031364                HAL_TIMEx_CommutCallback
 .text.HAL_TIMEx_BreakCallback
                0x0000000008031366        0x2 ./Drivers/STM32F4xx_HAL_Driver/Src/stm32f4xx_hal_tim_ex.o
                0x0000000008031366                HAL_TIMEx_BreakCallback
 .text.UART_SetConfig
                0x0000000008031368       0xbc ./Drivers/STM32F4xx_HAL_Driver/Src/stm32f4xx_hal_uart.o
 .text.HAL_UART_Init
                0x0000000008031424       0x5c ./Drivers/STM32F4xx_HAL_Driver/Src/stm32f4xx_hal_uart.o
                0x0000000008031424                HAL_UART_Init
 .text.change_ip
                0x0000000008031480      0x1b0 ./LWIP/App/lwip.o
                0x0000000008031480                change_ip
 .text.MX_LWIP_Init
                0x0000000008031630       0xc0 ./LWIP/App/lwip.o
                0x0000000008031630                MX_LWIP_Init
 .text.MX_LWIP_Process
                0x00000000080316f0       0x5c ./LWIP/App/lwip.o
                0x00000000080316f0                MX_LWIP_Process
 .text.low_level_output
                0x000000000803174c       0xa0 ./LWIP/Target/ethernetif.o
 .text.HAL_ETH_MspInit
                0x00000000080317ec      0x100 ./LWIP/Target/ethernetif.o
                0x00000000080317ec                HAL_ETH_MspInit
 .text.ethernetif_input
                0x00000000080318ec       0xe0 ./LWIP/Target/ethernetif.o
                0x00000000080318ec                ethernetif_input
 .text.ethernetif_init
                0x00000000080319cc      0x134 ./LWIP/Target/ethernetif.o
                0x00000000080319cc                ethernetif_init
 .text.sys_now  0x0000000008031b00        0x4 ./LWIP/Target/ethernetif.o
                0x0000000008031b00                sys_now
 .text.ethernetif_notify_conn_changed
                0x0000000008031b04        0x2 ./LWIP/Target/ethernetif.o
                0x0000000008031b04                ethernetif_notify_conn_changed
 *fill*         0x0000000008031b06        0x2 
 .text.ethernetif_update_config
                0x0000000008031b08       0xa8 ./LWIP/Target/ethernetif.o
                0x0000000008031b08                ethernetif_update_config
 .text.lwip_htons
                0x0000000008031bb0        0x6 ./Middlewares/Third_Party/LwIP/src/core/def.o
                0x0000000008031bb0                lwip_htons
 .text.lwip_htonl
                0x0000000008031bb6        0x4 ./Middlewares/Third_Party/LwIP/src/core/def.o
                0x0000000008031bb6                lwip_htonl
 .text.lwip_init
                0x0000000008031bba       0x1e ./Middlewares/Third_Party/LwIP/src/core/init.o
                0x0000000008031bba                lwip_init
 .text.mem_init
                0x0000000008031bd8       0x44 ./Middlewares/Third_Party/LwIP/src/core/mem.o
                0x0000000008031bd8                mem_init
 .text.mem_free
                0x0000000008031c1c      0x170 ./Middlewares/Third_Party/LwIP/src/core/mem.o
                0x0000000008031c1c                mem_free
 .text.mem_trim
                0x0000000008031d8c      0x148 ./Middlewares/Third_Party/LwIP/src/core/mem.o
                0x0000000008031d8c                mem_trim
 .text.mem_malloc
                0x0000000008031ed4      0x140 ./Middlewares/Third_Party/LwIP/src/core/mem.o
                0x0000000008031ed4                mem_malloc
 .text.do_memp_malloc_pool.isra.0
                0x0000000008032014       0x2c ./Middlewares/Third_Party/LwIP/src/core/memp.o
 .text.do_memp_free_pool.isra.0
                0x0000000008032040       0x30 ./Middlewares/Third_Party/LwIP/src/core/memp.o
 .text.memp_init_pool
                0x0000000008032070       0x26 ./Middlewares/Third_Party/LwIP/src/core/memp.o
                0x0000000008032070                memp_init_pool
 *fill*         0x0000000008032096        0x2 
 .text.memp_init
                0x0000000008032098       0x1c ./Middlewares/Third_Party/LwIP/src/core/memp.o
                0x0000000008032098                memp_init
 .text.memp_malloc
                0x00000000080320b4       0x38 ./Middlewares/Third_Party/LwIP/src/core/memp.o
                0x00000000080320b4                memp_malloc
 .text.memp_free
                0x00000000080320ec       0x34 ./Middlewares/Third_Party/LwIP/src/core/memp.o
                0x00000000080320ec                memp_free
 .text.netif_null_output_ip4
                0x0000000008032120        0x6 ./Middlewares/Third_Party/LwIP/src/core/netif.o
 *fill*         0x0000000008032126        0x2 
 .text.netif_issue_reports
                0x0000000008032128       0x48 ./Middlewares/Third_Party/LwIP/src/core/netif.o
 .text.netif_do_set_ipaddr
                0x0000000008032170       0x58 ./Middlewares/Third_Party/LwIP/src/core/netif.o
 .text.netif_init
                0x00000000080321c8        0x2 ./Middlewares/Third_Party/LwIP/src/core/netif.o
                0x00000000080321c8                netif_init
 *fill*         0x00000000080321ca        0x2 
 .text.netif_set_ipaddr
                0x00000000080321cc       0x38 ./Middlewares/Third_Party/LwIP/src/core/netif.o
                0x00000000080321cc                netif_set_ipaddr
 .text.netif_set_netmask
                0x0000000008032204       0x34 ./Middlewares/Third_Party/LwIP/src/core/netif.o
                0x0000000008032204                netif_set_netmask
 .text.netif_set_gw
                0x0000000008032238       0x34 ./Middlewares/Third_Party/LwIP/src/core/netif.o
                0x0000000008032238                netif_set_gw
 .text.netif_set_addr
                0x000000000803226c       0x58 ./Middlewares/Third_Party/LwIP/src/core/netif.o
                0x000000000803226c                netif_set_addr
 .text.netif_add
                0x00000000080322c4      0x12c ./Middlewares/Third_Party/LwIP/src/core/netif.o
                0x00000000080322c4                netif_add
 .text.netif_set_default
                0x00000000080323f0        0xc ./Middlewares/Third_Party/LwIP/src/core/netif.o
                0x00000000080323f0                netif_set_default
 .text.netif_set_up
                0x00000000080323fc       0x34 ./Middlewares/Third_Party/LwIP/src/core/netif.o
                0x00000000080323fc                netif_set_up
 .text.netif_set_down
                0x0000000008032430       0x38 ./Middlewares/Third_Party/LwIP/src/core/netif.o
                0x0000000008032430                netif_set_down
 .text.netif_set_link_callback
                0x0000000008032468        0x6 ./Middlewares/Third_Party/LwIP/src/core/netif.o
                0x0000000008032468                netif_set_link_callback
 *fill*         0x000000000803246e        0x2 
 .text.netif_get_by_index
                0x0000000008032470       0x24 ./Middlewares/Third_Party/LwIP/src/core/netif.o
                0x0000000008032470                netif_get_by_index
 .text.pbuf_add_header_impl
                0x0000000008032494       0x64 ./Middlewares/Third_Party/LwIP/src/core/pbuf.o
 .text.pbuf_free_ooseq
                0x00000000080324f8       0x24 ./Middlewares/Third_Party/LwIP/src/core/pbuf.o
                0x00000000080324f8                pbuf_free_ooseq
 .text.pbuf_alloc_reference
                0x000000000803251c       0x48 ./Middlewares/Third_Party/LwIP/src/core/pbuf.o
                0x000000000803251c                pbuf_alloc_reference
 .text.pbuf_alloced_custom
                0x0000000008032564       0x34 ./Middlewares/Third_Party/LwIP/src/core/pbuf.o
                0x0000000008032564                pbuf_alloced_custom
 .text.pbuf_add_header
                0x0000000008032598        0x6 ./Middlewares/Third_Party/LwIP/src/core/pbuf.o
                0x0000000008032598                pbuf_add_header
 *fill*         0x000000000803259e        0x2 
 .text.pbuf_remove_header
                0x00000000080325a0       0x58 ./Middlewares/Third_Party/LwIP/src/core/pbuf.o
                0x00000000080325a0                pbuf_remove_header
 .text.pbuf_header_force
                0x00000000080325f8       0x10 ./Middlewares/Third_Party/LwIP/src/core/pbuf.o
                0x00000000080325f8                pbuf_header_force
 .text.pbuf_free
                0x0000000008032608       0xc8 ./Middlewares/Third_Party/LwIP/src/core/pbuf.o
                0x0000000008032608                pbuf_free
 .text.pbuf_alloc
                0x00000000080326d0      0x100 ./Middlewares/Third_Party/LwIP/src/core/pbuf.o
                0x00000000080326d0                pbuf_alloc
 .text.pbuf_realloc
                0x00000000080327d0       0xb0 ./Middlewares/Third_Party/LwIP/src/core/pbuf.o
                0x00000000080327d0                pbuf_realloc
 .text.pbuf_clen
                0x0000000008032880       0x10 ./Middlewares/Third_Party/LwIP/src/core/pbuf.o
                0x0000000008032880                pbuf_clen
 .text.pbuf_ref
                0x0000000008032890       0x28 ./Middlewares/Third_Party/LwIP/src/core/pbuf.o
                0x0000000008032890                pbuf_ref
 .text.pbuf_cat
                0x00000000080328b8       0x74 ./Middlewares/Third_Party/LwIP/src/core/pbuf.o
                0x00000000080328b8                pbuf_cat
 .text.pbuf_chain
                0x000000000803292c       0x12 ./Middlewares/Third_Party/LwIP/src/core/pbuf.o
                0x000000000803292c                pbuf_chain
 *fill*         0x000000000803293e        0x2 
 .text.pbuf_copy
                0x0000000008032940      0x104 ./Middlewares/Third_Party/LwIP/src/core/pbuf.o
                0x0000000008032940                pbuf_copy
 .text.pbuf_copy_partial
                0x0000000008032a44       0x8c ./Middlewares/Third_Party/LwIP/src/core/pbuf.o
                0x0000000008032a44                pbuf_copy_partial
 .text.pbuf_clone
                0x0000000008032ad0       0x38 ./Middlewares/Third_Party/LwIP/src/core/pbuf.o
                0x0000000008032ad0                pbuf_clone
 .text.tcp_new_port
                0x0000000008032b08       0x54 ./Middlewares/Third_Party/LwIP/src/core/tcp.o
 .text.tcp_close_shutdown_fin
                0x0000000008032b5c       0x60 ./Middlewares/Third_Party/LwIP/src/core/tcp.o
 .text.tcp_init
                0x0000000008032bbc       0x18 ./Middlewares/Third_Party/LwIP/src/core/tcp.o
                0x0000000008032bbc                tcp_init
 .text.tcp_free
                0x0000000008032bd4       0x30 ./Middlewares/Third_Party/LwIP/src/core/tcp.o
                0x0000000008032bd4                tcp_free
 .text.tcp_bind
                0x0000000008032c04       0xac ./Middlewares/Third_Party/LwIP/src/core/tcp.o
                0x0000000008032c04                tcp_bind
 .text.tcp_listen_with_backlog_and_err
                0x0000000008032cb0       0xcc ./Middlewares/Third_Party/LwIP/src/core/tcp.o
                0x0000000008032cb0                tcp_listen_with_backlog_and_err
 .text.tcp_listen_with_backlog
                0x0000000008032d7c        0x6 ./Middlewares/Third_Party/LwIP/src/core/tcp.o
                0x0000000008032d7c                tcp_listen_with_backlog
 *fill*         0x0000000008032d82        0x2 
 .text.tcp_update_rcv_ann_wnd
                0x0000000008032d84       0x6c ./Middlewares/Third_Party/LwIP/src/core/tcp.o
                0x0000000008032d84                tcp_update_rcv_ann_wnd
 .text.tcp_recved
                0x0000000008032df0       0x7c ./Middlewares/Third_Party/LwIP/src/core/tcp.o
                0x0000000008032df0                tcp_recved
 .text.tcp_seg_free
                0x0000000008032e6c       0x1c ./Middlewares/Third_Party/LwIP/src/core/tcp.o
                0x0000000008032e6c                tcp_seg_free
 .text.tcp_segs_free
                0x0000000008032e88       0x10 ./Middlewares/Third_Party/LwIP/src/core/tcp.o
                0x0000000008032e88                tcp_segs_free
 .text.tcp_setprio
                0x0000000008032e98       0x20 ./Middlewares/Third_Party/LwIP/src/core/tcp.o
                0x0000000008032e98                tcp_setprio
 .text.tcp_seg_copy
                0x0000000008032eb8       0x48 ./Middlewares/Third_Party/LwIP/src/core/tcp.o
                0x0000000008032eb8                tcp_seg_copy
 .text.tcp_recv
                0x0000000008032f00       0x30 ./Middlewares/Third_Party/LwIP/src/core/tcp.o
                0x0000000008032f00                tcp_recv
 .text.tcp_sent
                0x0000000008032f30       0x30 ./Middlewares/Third_Party/LwIP/src/core/tcp.o
                0x0000000008032f30                tcp_sent
 .text.tcp_err  0x0000000008032f60       0x30 ./Middlewares/Third_Party/LwIP/src/core/tcp.o
                0x0000000008032f60                tcp_err
 .text.tcp_accept
                0x0000000008032f90        0xc ./Middlewares/Third_Party/LwIP/src/core/tcp.o
                0x0000000008032f90                tcp_accept
 .text.tcp_poll
                0x0000000008032f9c       0x48 ./Middlewares/Third_Party/LwIP/src/core/tcp.o
                0x0000000008032f9c                tcp_poll
 .text.tcp_next_iss
                0x0000000008032fe4       0x34 ./Middlewares/Third_Party/LwIP/src/core/tcp.o
                0x0000000008032fe4                tcp_next_iss
 .text.tcp_eff_send_mss_netif
                0x0000000008033018       0x3c ./Middlewares/Third_Party/LwIP/src/core/tcp.o
                0x0000000008033018                tcp_eff_send_mss_netif
 .text.tcp_free_ooseq
                0x0000000008033054       0x12 ./Middlewares/Third_Party/LwIP/src/core/tcp.o
                0x0000000008033054                tcp_free_ooseq
 *fill*         0x0000000008033066        0x2 
 .text.tcp_pcb_purge
                0x0000000008033068       0x64 ./Middlewares/Third_Party/LwIP/src/core/tcp.o
                0x0000000008033068                tcp_pcb_purge
 .text.tcp_pcb_remove
                0x00000000080330cc       0xcc ./Middlewares/Third_Party/LwIP/src/core/tcp.o
                0x00000000080330cc                tcp_pcb_remove
 .text.tcp_abandon
                0x0000000008033198      0x104 ./Middlewares/Third_Party/LwIP/src/core/tcp.o