calculosST.c:67:7:angle_norm	16	static
calculosST.c:80:7:phase_unwrap	16	static
calculosST.c:88:6:cosseno	72	static
calculosST.c:109:6:CriandoSinalParaTestes	88	static
calculosST.c:130:6:CriandoSinalParaTestes1	72	static
calculosST.c:155:6:CriandoSinalParaTestes2	96	static
calculosST.c:180:6:CriandoSinalBuffREF	0	static
calculosST.c:186:7:Calculos_detecta_picos	20	static
calculosST.c:236:7:signum	0	static
calculosST.c:250:7:hanning	48	static
calculosST.c:298:6:Calculos_Interpola	304	static
calculosST.c:498:6:EspectroAcumulado_reinit	20	static
calculosST.c:534:6:MyFFT_Init	8	static
calculosST.c:567:6:AcumulaEspectroBackup	96	static
calculosST.c:663:6:AcumulaEspectro	0	static
calculosST.c:770:6:MyFFT_Execute1	4736	static
calculosST.c:840:6:MyFFT_Execute	0	static
calculosST.c:851:5:bestindex	32	static
calculosST.c:899:7:sinalfp	0	static
calculosST.c:919:6:CalculaGrandezas1	88	static
calculosST.c:1031:24:CalculaGrandezas	224	static
calculosST.c:1628:6:CalculaPotencias	248	static
calculosST.c:2610:6:CT50_leitura_dos_dados	64	static
calculosST.c:2776:6:newCalcDC	24	static
calculosST.c:2872:6:newCalc	48	static
