main.c:1526:13:MX_GPIO_Init	96	static
main.c:1432:13:MX_TIM12_Init	24	static,ignoring_inline_asm
main.c:874:13:MX_I2C2_Init	8	static,ignoring_inline_asm
main.c:162:6:AcertaTimerParaFreqInterrupcao	8	static,ignoring_inline_asm
main.c:174:6:AcertaTimerParaFs	8	static,ignoring_inline_asm
main.c:186:6:AcertaTimerParaFs1	0	static
main.c:198:6:enable_backup_sram	24	static
main.c:218:6:writeBkpSram	8	static
main.c:228:10:readBkpSram	8	static
main.c:242:6:fullADC	12	static
main.c:282:6:halfADC	12	static
main.c:323:6:HAL_ADC_ConvHalfCpltCallback	8	static
main.c:346:6:HAL_TIM_PeriodElapsedCallback	0	static
main.c:362:6:HAL_ADC_ConvCpltCallback	8	static
main.c:386:6:InitOled	0	static
main.c:446:6:ADC_DMAError	0	static
main.c:659:6:SystemClock_Config	88	static,ignoring_inline_asm
main.c:457:5:main	72	static,ignoring_inline_asm
main.c:1671:6:MX_GPIO_Init2	0	static
main.c:1727:6:Error_Handler	0	static,ignoring_inline_asm
