ssd1306.c:246:6:SSD1306_ToggleInvert	0	static
ssd1306.c:258:6:SSD1306_Fill	0	static
ssd1306.c:263:6:SSD1306_DrawPixel	12	static
ssd1306.c:137:6:SSD1306_DrawBitmap	64	static
ssd1306.c:285:6:SSD1306_GotoXY	0	static
ssd1306.c:291:6:SSD1306_Putc	56	static
ssd1306.c:339:6:SSD1306_Puts	16	static
ssd1306.c:357:6:SSD1306_DrawLine	56	static
ssd1306.c:441:6:SSD1306_DrawRectangle	40	static
ssd1306.c:466:6:SSD1306_DrawFilledRectangle	40	static
ssd1306.c:493:6:SSD1306_DrawTriangle	40	static
ssd1306.c:501:6:SSD1306_DrawFilledTriangle	80	static
ssd1306.c:557:6:SSD1306_DrawCircle	56	static
ssd1306.c:591:6:SSD1306_DrawFilledCircle	64	static
ssd1306.c:650:6:ssd1306_I2C_Init	0	static
ssd1306.c:662:6:ssd1306_I2C_WriteMulti	280	static
ssd1306.c:672:6:ssd1306_I2C_Write	24	static
ssd1306.c:63:6:SSD1306_ScrollRight	16	static
ssd1306.c:76:6:SSD1306_ScrollLeft	16	static
ssd1306.c:89:6:SSD1306_Scrolldiagright	16	static
ssd1306.c:105:6:SSD1306_Scrolldiagleft	16	static
ssd1306.c:121:6:SSD1306_Stopscroll	0	static
ssd1306.c:128:6:SSD1306_InvertDisplay	0	static
ssd1306.c:233:6:SSD1306_UpdateScreen	16	static
ssd1306.c:624:6:SSD1306_Clear	8	static
ssd1306.c:167:9:SSD1306_Init	8	static
ssd1306.c:629:6:SSD1306_ON	8	static
ssd1306.c:634:6:SSD1306_OFF	8	static
