calculos.c:155:7:Sign	0	static
calculos.c:167:6:AcumulaPotenciasNow	24	static
calculos.c:346:6:Zera15min	0	static
calculos.c:368:6:Zera15minAcc	0	static
calculos.c:760:6:ZeraVariaveisDeHoje	0	static
calculos.c:782:6:TrocaDeMes	0	static
calculos.c:826:6:ZeraEsteMesAteAgora	8	static
calculos.c:877:6:ZeraMesPassado	8	static
calculos.c:923:6:ZeraTotaisHorarios	0	static
calculos.c:1643:6:ReorganizaLista	112	static
calculos.c:216:6:ResgistrarIntervalo15minAgora	24	static
calculos.c:1697:6:AcumulaGrandezaMM	0	static
calculos.c:1742:6:ZeraGrandezaMMAcc	0	static
calculos.c:1711:6:CalculaGrandezaMM	16	static
calculos.c:394:6:MomentoDeAvaliacaoDeIntervalo1min	32	static
calculos.c:470:6:MomentoDeAvaliacaoDeIntervalo15min	56	static
calculos.c:1756:6:ZeraGrandezaMM	0	static
calculos.c:946:6:RotinasDeCalibracao	32	static
