interface.c:2189:6:proximaTela	0	static
interface.c:2198:6:inicializa_funcao_teclas	0	static
interface.c:39:6:TecladoInit	40	static
interface.c:2235:6:setLED	0	static
interface.c:2255:6:clrLED	0	static
interface.c:2293:6:clrALL_LEDs	8	static
interface.c:1918:6:inicializaTela	24	static
interface.c:2307:6:setAll_LEDs	8	static
interface.c:2331:6:WriteIntString	16	static
interface.c:2339:6:WriteFloatString	24	static
interface.c:2321:6:TelaValoresTrifasicos	16	static
interface.c:1311:6:gerenciaTelas	32	static
interface.c:2372:6:InttoBCD	16	static
interface.c:442:6:executaFuncao	56	static
interface.c:2381:10:divround1	8	static
interface.c:2399:16:BCDtoInt	0	static
interface.c:2442:6:OperaRele	0	static
interface.c:2518:7:AvaliaRele	40	static
interface.c:2706:6:atualizaDevName	0	static
interface.c:2869:7:newLeTeclado	16	static
interface.c:2915:6:TelaTR1	176	static
interface.c:3295:6:TelaUpdate	40	static
interface.c:3312:6:Sys_HexBcd	24	static
interface.c:3390:6:PrtLcdBcdNumber2	0	static
interface.c:3396:6:PrtLcdBcdNumber	8	static
interface.c:3382:6:If_PutInt	8	static
