modbus.c:64:6:gotoBootLoader	8	static
modbus.c:77:7:CalcCRC	0	static
modbus.c:92:7:Xor	0	static
modbus.c:102:6:ComMODBUSInit	8	static
modbus.c:123:6:ResponderPR4000	40	static
modbus.c:1316:6:AnalizaBufferMODBUS_MASTER	0	static
modbus.c:1513:6:ComparaCRC	0	static
modbus.c:1193:6:AnalizaBufferPR4000	24	static
modbus.c:1398:6:AnalizaBufferMODBUS	24	static
modbus.c:1530:6:AvaliaFuncaoRemota	24	static
modbus.c:2347:5:swapU64	0	static
modbus.c:2367:7:swapFloat	8	static
modbus.c:2385:5:swapInt	0	static
modbus.c:2427:5:isDataAvailable	40	static
modbus.c:2554:5:GetDataFromMassMemory	32	static
modbus.c:2616:6:SendToService	8	static
modbus.c:2657:6:InitVariables	0	static
modbus.c:2671:6:SearchTimeStampInMassMemory	16	static
modbus.c:295:6:ResponderMODBUS	80	static
