uart.c:38:6:debug_gsm	8	static
uart.c:50:6:uart1_admite_nested_interrupt_srv	0	static
uart.c:207:6:uart0_admite_nested_interrupt_srv	0	static
uart.c:373:7:UARTInit	0	static
uart.c:494:6:UART1Send	0	static
uart.c:513:6:UARTSend	0	static
uart.c:557:6:UARTSendOnly	0	static
uart.c:585:6:UART1SendOnly	0	static
uart.c:609:7:UART1Init	0	static
uart.c:749:7:UARTIsDataReady	0	static
uart.c:775:7:UARTWaitForByte	0	static
uart.c:802:7:UARTReceiveByte	0	static
uart.c:825:6:UARTTransmitByte	0	static
uart.c:856:6:UARTTransmitString	0	static
uart.c:861:6:_es_putc_retarget	0	static
