stm32f4xx_hal_mmc.c:328:19:HAL_MMC_Init	16	static
stm32f4xx_hal_mmc.c:396:19:HAL_MMC_InitCard	72	static
stm32f4xx_hal_mmc.c:467:19:HAL_MMC_DeInit	16	static
stm32f4xx_hal_mmc.c:508:13:HAL_MMC_MspInit	16	static
stm32f4xx_hal_mmc.c:523:13:HAL_MMC_MspDeInit	16	static
stm32f4xx_hal_mmc.c:564:19:HAL_MMC_ReadBlocks	80	static
stm32f4xx_hal_mmc.c:769:19:HAL_MMC_WriteBlocks	80	static
stm32f4xx_hal_mmc.c:948:19:HAL_MMC_ReadBlocks_IT	56	static
stm32f4xx_hal_mmc.c:1044:19:HAL_MMC_WriteBlocks_IT	56	static
stm32f4xx_hal_mmc.c:1140:19:HAL_MMC_ReadBlocks_DMA	56	static
stm32f4xx_hal_mmc.c:1261:19:HAL_MMC_WriteBlocks_DMA	56	static
stm32f4xx_hal_mmc.c:1380:19:HAL_MMC_Erase	40	static
stm32f4xx_hal_mmc.c:1477:6:HAL_MMC_IRQHandler	24	static
stm32f4xx_hal_mmc.c:1691:22:HAL_MMC_GetState	16	static
stm32f4xx_hal_mmc.c:1702:10:HAL_MMC_GetError	16	static
stm32f4xx_hal_mmc.c:1712:13:HAL_MMC_TxCpltCallback	16	static
stm32f4xx_hal_mmc.c:1727:13:HAL_MMC_RxCpltCallback	16	static
stm32f4xx_hal_mmc.c:1742:13:HAL_MMC_ErrorCallback	16	static
stm32f4xx_hal_mmc.c:1757:13:HAL_MMC_AbortCallback	16	static
stm32f4xx_hal_mmc.c:1968:19:HAL_MMC_GetCardCID	16	static
stm32f4xx_hal_mmc.c:2001:19:HAL_MMC_GetCardCSD	24	static
stm32f4xx_hal_mmc.c:2118:19:HAL_MMC_GetCardInfo	16	static
stm32f4xx_hal_mmc.c:2142:19:HAL_MMC_ConfigWideBusOperation	80	static
stm32f4xx_hal_mmc.c:2273:26:HAL_MMC_GetCardState	32	static
stm32f4xx_hal_mmc.c:2296:19:HAL_MMC_Abort	24	static
stm32f4xx_hal_mmc.c:2353:19:HAL_MMC_Abort_IT	24	static
stm32f4xx_hal_mmc.c:2434:13:MMC_DMATransmitCplt	24	static
stm32f4xx_hal_mmc.c:2447:13:MMC_DMAReceiveCplt	24	static
stm32f4xx_hal_mmc.c:2488:13:MMC_DMAError	32	static
stm32f4xx_hal_mmc.c:2531:13:MMC_DMATxAbort	24	static
stm32f4xx_hal_mmc.c:2576:13:MMC_DMARxAbort	24	static
stm32f4xx_hal_mmc.c:2621:17:MMC_InitCard	96	static
stm32f4xx_hal_mmc.c:2705:17:MMC_PowerON	32	static
stm32f4xx_hal_mmc.c:2757:13:MMC_PowerOFF	16	static
stm32f4xx_hal_mmc.c:2770:17:MMC_SendStatus	24	static
stm32f4xx_hal_mmc.c:2800:17:MMC_ReadExtCSD	72	static
stm32f4xx_hal_mmc.c:2885:13:MMC_Read_IT	32	static
stm32f4xx_hal_mmc.c:2924:13:MMC_Write_IT	32	static
